Archive member included because of file (symbol)

c:/davev4/eclipse/arm-gcc-49/bin/../lib/gcc/arm-none-eabi/4.9.3/armv7e-m/softfp\libgcc.a(_arm_addsubdf3.o)
                              ./main.o (__aeabi_dadd)
c:/davev4/eclipse/arm-gcc-49/bin/../lib/gcc/arm-none-eabi/4.9.3/armv7e-m/softfp\libgcc.a(_arm_muldivdf3.o)
                              ./main.o (__aeabi_dmul)
c:/davev4/eclipse/arm-gcc-49/bin/../lib/gcc/arm-none-eabi/4.9.3/armv7e-m/softfp\libgcc.a(_arm_truncdfsf2.o)
                              ./main.o (__aeabi_d2f)
c:/davev4/eclipse/arm-gcc-49/bin/../lib/gcc/arm-none-eabi/4.9.3/../../../../arm-none-eabi/lib/armv7e-m/softfp\libg.a(lib_a-errno.o)
                              ./Libraries/Newlib/syscalls.o (__errno)
c:/davev4/eclipse/arm-gcc-49/bin/../lib/gcc/arm-none-eabi/4.9.3/../../../../arm-none-eabi/lib/armv7e-m/softfp\libg.a(lib_a-impure.o)
                              c:/davev4/eclipse/arm-gcc-49/bin/../lib/gcc/arm-none-eabi/4.9.3/../../../../arm-none-eabi/lib/armv7e-m/softfp\libg.a(lib_a-errno.o) (_impure_ptr)
c:/davev4/eclipse/arm-gcc-49/bin/../lib/gcc/arm-none-eabi/4.9.3/../../../../arm-none-eabi/lib/armv7e-m/softfp\libg.a(lib_a-init.o)
                              ./Startup/startup_XMC4500.o (__libc_init_array)
c:/davev4/eclipse/arm-gcc-49/bin/../lib/gcc/arm-none-eabi/4.9.3/../../../../arm-none-eabi/lib/armv7e-m/softfp\libg.a(lib_a-memcpy.o)
                              ./Libraries/XMCLib/src/xmc_eth_mac.o (memcpy)
c:/davev4/eclipse/arm-gcc-49/bin/../lib/gcc/arm-none-eabi/4.9.3/../../../../arm-none-eabi/lib/armv7e-m/softfp\libg.a(lib_a-memset.o)
                              ./Libraries/XMCLib/src/xmc_usbd.o (memset)
c:/davev4/eclipse/arm-gcc-49/bin/../lib/gcc/arm-none-eabi/4.9.3/../../../../arm-none-eabi/lib/armv7e-m/softfp\libg.a(lib_a-sprintf.o)
                              ./main.o (sprintf)
c:/davev4/eclipse/arm-gcc-49/bin/../lib/gcc/arm-none-eabi/4.9.3/../../../../arm-none-eabi/lib/armv7e-m/softfp\libg.a(lib_a-strlen.o)
                              ./Dave/Generated/USBD_VCOM/class_driver/device/cdc_class_device.o (strlen)
c:/davev4/eclipse/arm-gcc-49/bin/../lib/gcc/arm-none-eabi/4.9.3/../../../../arm-none-eabi/lib/armv7e-m/softfp\libg.a(lib_a-svfprintf.o)
                              c:/davev4/eclipse/arm-gcc-49/bin/../lib/gcc/arm-none-eabi/4.9.3/../../../../arm-none-eabi/lib/armv7e-m/softfp\libg.a(lib_a-sprintf.o) (_svfprintf_r)
c:/davev4/eclipse/arm-gcc-49/bin/../lib/gcc/arm-none-eabi/4.9.3/../../../../arm-none-eabi/lib/armv7e-m/softfp\libg.a(lib_a-dtoa.o)
                              c:/davev4/eclipse/arm-gcc-49/bin/../lib/gcc/arm-none-eabi/4.9.3/../../../../arm-none-eabi/lib/armv7e-m/softfp\libg.a(lib_a-svfprintf.o) (_dtoa_r)
c:/davev4/eclipse/arm-gcc-49/bin/../lib/gcc/arm-none-eabi/4.9.3/../../../../arm-none-eabi/lib/armv7e-m/softfp\libg.a(lib_a-locale.o)
                              c:/davev4/eclipse/arm-gcc-49/bin/../lib/gcc/arm-none-eabi/4.9.3/../../../../arm-none-eabi/lib/armv7e-m/softfp\libg.a(lib_a-svfprintf.o) (_localeconv_r)
c:/davev4/eclipse/arm-gcc-49/bin/../lib/gcc/arm-none-eabi/4.9.3/../../../../arm-none-eabi/lib/armv7e-m/softfp\libg.a(lib_a-mallocr.o)
                              c:/davev4/eclipse/arm-gcc-49/bin/../lib/gcc/arm-none-eabi/4.9.3/../../../../arm-none-eabi/lib/armv7e-m/softfp\libg.a(lib_a-svfprintf.o) (_malloc_r)
c:/davev4/eclipse/arm-gcc-49/bin/../lib/gcc/arm-none-eabi/4.9.3/../../../../arm-none-eabi/lib/armv7e-m/softfp\libg.a(lib_a-memchr.o)
                              c:/davev4/eclipse/arm-gcc-49/bin/../lib/gcc/arm-none-eabi/4.9.3/../../../../arm-none-eabi/lib/armv7e-m/softfp\libg.a(lib_a-svfprintf.o) (memchr)
c:/davev4/eclipse/arm-gcc-49/bin/../lib/gcc/arm-none-eabi/4.9.3/../../../../arm-none-eabi/lib/armv7e-m/softfp\libg.a(lib_a-mlock.o)
                              c:/davev4/eclipse/arm-gcc-49/bin/../lib/gcc/arm-none-eabi/4.9.3/../../../../arm-none-eabi/lib/armv7e-m/softfp\libg.a(lib_a-mallocr.o) (__malloc_lock)
c:/davev4/eclipse/arm-gcc-49/bin/../lib/gcc/arm-none-eabi/4.9.3/../../../../arm-none-eabi/lib/armv7e-m/softfp\libg.a(lib_a-mprec.o)
                              c:/davev4/eclipse/arm-gcc-49/bin/../lib/gcc/arm-none-eabi/4.9.3/../../../../arm-none-eabi/lib/armv7e-m/softfp\libg.a(lib_a-dtoa.o) (_Balloc)
c:/davev4/eclipse/arm-gcc-49/bin/../lib/gcc/arm-none-eabi/4.9.3/../../../../arm-none-eabi/lib/armv7e-m/softfp\libg.a(lib_a-s_fpclassify.o)
                              c:/davev4/eclipse/arm-gcc-49/bin/../lib/gcc/arm-none-eabi/4.9.3/../../../../arm-none-eabi/lib/armv7e-m/softfp\libg.a(lib_a-svfprintf.o) (__fpclassifyd)
c:/davev4/eclipse/arm-gcc-49/bin/../lib/gcc/arm-none-eabi/4.9.3/../../../../arm-none-eabi/lib/armv7e-m/softfp\libg.a(lib_a-sbrkr.o)
                              c:/davev4/eclipse/arm-gcc-49/bin/../lib/gcc/arm-none-eabi/4.9.3/../../../../arm-none-eabi/lib/armv7e-m/softfp\libg.a(lib_a-mallocr.o) (_sbrk_r)
[...]
Memory Configuration

Name             Origin             Length             Attributes
FLASH_1_cached   0x08000000         0x00100000         xr
FLASH_1_uncached 0x0c000000         0x00100000         xr
PSRAM_1          0x10000000         0x00010000         !xr
DSRAM_1_system   0x20000000         0x00010000         !xr
DSRAM_2_comm     0x30000000         0x00008000         !xr
*default*        0x00000000         0xffffffff

Linker script and memory map

LOAD ./Startup/startup_XMC4500.o
LOAD ./Startup/system_XMC4500.o
LOAD ./Libraries/XMCLib/src/xmc4_eru.o
LOAD ./Libraries/XMCLib/src/xmc4_flash.o
LOAD ./Libraries/XMCLib/src/xmc4_gpio.o
LOAD ./Libraries/XMCLib/src/xmc4_rtc.o
LOAD ./Libraries/XMCLib/src/xmc4_scu.o
LOAD ./Libraries/XMCLib/src/xmc_can.o
LOAD ./Libraries/XMCLib/src/xmc_ccu4.o
LOAD ./Libraries/XMCLib/src/xmc_ccu8.o
LOAD ./Libraries/XMCLib/src/xmc_common.o
LOAD ./Libraries/XMCLib/src/xmc_dac.o
LOAD ./Libraries/XMCLib/src/xmc_dma.o
LOAD ./Libraries/XMCLib/src/xmc_dsd.o
LOAD ./Libraries/XMCLib/src/xmc_ebu.o
LOAD ./Libraries/XMCLib/src/xmc_ecat.o
LOAD ./Libraries/XMCLib/src/xmc_eru.o
LOAD ./Libraries/XMCLib/src/xmc_eth_mac.o
LOAD ./Libraries/XMCLib/src/xmc_eth_phy_dp83848.o
LOAD ./Libraries/XMCLib/src/xmc_eth_phy_ksz8031rnl.o
LOAD ./Libraries/XMCLib/src/xmc_eth_phy_ksz8081rnb.o
LOAD ./Libraries/XMCLib/src/xmc_fce.o
LOAD ./Libraries/XMCLib/src/xmc_gpio.o
LOAD ./Libraries/XMCLib/src/xmc_hrpwm.o
LOAD ./Libraries/XMCLib/src/xmc_i2c.o
LOAD ./Libraries/XMCLib/src/xmc_i2s.o
LOAD ./Libraries/XMCLib/src/xmc_ledts.o
LOAD ./Libraries/XMCLib/src/xmc_posif.o
LOAD ./Libraries/XMCLib/src/xmc_rtc.o
LOAD ./Libraries/XMCLib/src/xmc_sdmmc.o
LOAD ./Libraries/XMCLib/src/xmc_spi.o
LOAD ./Libraries/XMCLib/src/xmc_uart.o
LOAD ./Libraries/XMCLib/src/xmc_usbd.o
LOAD ./Libraries/XMCLib/src/xmc_usbh.o
LOAD ./Libraries/XMCLib/src/xmc_usic.o
LOAD ./Libraries/XMCLib/src/xmc_vadc.o
LOAD ./Libraries/XMCLib/src/xmc_wdt.o
LOAD ./Libraries/Newlib/syscalls.o
LOAD ./Dave/Generated/USBD_VCOM/virtual_com/descriptors.o
LOAD ./Dave/Generated/USBD_VCOM/class_driver/device/cdc_class_device.o
LOAD ./Dave/Generated/USBD_VCOM/usbd_vcom.o
LOAD ./Dave/Generated/USBD_VCOM/usbd_vcom_conf.o
LOAD ./Dave/Generated/USBD/usb/core/xmc4000/usbd_endpoint_stream_xmc4000.o
LOAD ./Dave/Generated/USBD/usb/core/xmc4000/usbd_endpoint_xmc4000.o
LOAD ./Dave/Generated/USBD/usb/core/usb_task.o
LOAD ./Dave/Generated/USBD/usbd.o
LOAD ./Dave/Generated/USBD/usbd_conf.o
LOAD ./Dave/Generated/I2C_MASTER/i2c_master.o
LOAD ./Dave/Generated/I2C_MASTER/i2c_master_conf.o
LOAD ./Dave/Generated/DIGITAL_IO/digital_io.o
LOAD ./Dave/Generated/DIGITAL_IO/digital_io_conf.o
LOAD ./Dave/Generated/CPU_CTRL_XMC4/cpu_ctrl_xmc4.o
LOAD ./Dave/Generated/CPU_CTRL_XMC4/cpu_ctrl_xmc4_conf.o
LOAD ./Dave/Generated/CLOCK_XMC4/clock_xmc4.o
LOAD ./Dave/Generated/CLOCK_XMC4/clock_xmc4_conf.o
LOAD ./Dave/Generated/DAVE.o
LOAD ./main.o
LOAD c:/davev4/eclipse/arm-gcc-49/bin/../lib/gcc/arm-none-eabi/4.9.3/../../../../arm-none-eabi/lib/armv7e-m/softfp\libm.a
START GROUP
LOAD c:/davev4/eclipse/arm-gcc-49/bin/../lib/gcc/arm-none-eabi/4.9.3/armv7e-m/softfp\libgcc.a
LOAD c:/davev4/eclipse/arm-gcc-49/bin/../lib/gcc/arm-none-eabi/4.9.3/../../../../arm-none-eabi/lib/armv7e-m/softfp\libg.a
LOAD c:/davev4/eclipse/arm-gcc-49/bin/../lib/gcc/arm-none-eabi/4.9.3/../../../../arm-none-eabi/lib/armv7e-m/softfp\libc.a
END GROUP
START GROUP
LOAD c:/davev4/eclipse/arm-gcc-49/bin/../lib/gcc/arm-none-eabi/4.9.3/armv7e-m/softfp\libgcc.a
LOAD c:/davev4/eclipse/arm-gcc-49/bin/../lib/gcc/arm-none-eabi/4.9.3/../../../../arm-none-eabi/lib/armv7e-m/softfp\libc.a
LOAD c:/davev4/eclipse/arm-gcc-49/bin/../lib/gcc/arm-none-eabi/4.9.3/../../../../arm-none-eabi/lib/armv7e-m/softfp\libnosys.a
END GROUP
                0x00000800                stack_size = DEFINED (stack_size)?stack_size:0x800
                0x00000040                no_init_size = 0x40

.text           0x08000000     0xb7f4 load address 0x0c000000
                0x08000000                sText = .
 *(.reset)
 .reset         0x08000000      0x2b4 ./Startup/startup_XMC4500.o
                0x08000000                __Vectors
                0x08000200                Reset_Handler
                0x080002b0                DSD0_7_IRQHandler
                0x080002b0                DebugMon_Handler
                0x080002b0                VADC0_C0_0_IRQHandler
                0x080002b0                CAN0_4_IRQHandler
                0x080002b0                VADC0_G2_0_IRQHandler
                0x080002b0                USIC0_5_IRQHandler
                0x080002b0                POSIF0_0_IRQHandler
                0x080002b0                POSIF1_0_IRQHandler
                0x080002b0                HardFault_Handler
                0x080002b0                VADC0_G1_1_IRQHandler
                0x080002b0                SysTick_Handler
                0x080002b0                PendSV_Handler
                0x080002b0                NMI_Handler
                0x080002b0                USIC1_3_IRQHandler
                0x080002b0                CCU40_2_IRQHandler
                0x080002b0                SCU_0_IRQHandler
                0x080002b0                ERU0_0_IRQHandler
                0x080002b0                CCU41_0_IRQHandler
                0x080002b0                USIC1_5_IRQHandler
                0x080002b0                DSD0_4_IRQHandler
                0x080002b0                CCU80_1_IRQHandler
                0x080002b0                CCU81_0_IRQHandler
                0x080002b0                UsageFault_Handler
                0x080002b0                USIC0_0_IRQHandler
                0x080002b0                POSIF1_1_IRQHandler
                0x080002b0                ERU0_2_IRQHandler
                0x080002b0                CCU81_1_IRQHandler
                0x080002b0                ERU1_1_IRQHandler
                0x080002b0                VADC0_G2_3_IRQHandler
                0x080002b0                VADC0_G2_2_IRQHandler
                0x080002b0                CCU42_3_IRQHandler
                0x080002b0                ERU0_3_IRQHandler
                0x080002b0                DSD0_5_IRQHandler
                0x080002b0                VADC0_C0_3_IRQHandler
                0x080002b0                CAN0_6_IRQHandler
                0x080002b0                CCU43_0_IRQHandler
                0x080002b0                VADC0_G0_1_IRQHandler
                0x080002b0                CCU81_2_IRQHandler
                0x080002b0                USIC2_4_IRQHandler
                0x080002b0                CCU81_3_IRQHandler
                0x080002b0                CCU42_1_IRQHandler
                0x080002b0                USIC1_1_IRQHandler
                0x080002b0                USIC2_5_IRQHandler
                0x080002b0                CCU40_0_IRQHandler
                0x080002b0                CAN0_0_IRQHandler
                0x080002b0                ERU1_0_IRQHandler
                0x080002b0                CCU42_2_IRQHandler
                0x080002b0                Default_Handler
                0x080002b0                USIC1_4_IRQHandler
                0x080002b0                ERU1_3_IRQHandler
                0x080002b0                USIC1_0_IRQHandler
                0x080002b0                POSIF0_1_IRQHandler
                0x080002b0                VADC0_G0_0_IRQHandler
                0x080002b0                DSD0_2_IRQHandler
                0x080002b0                CCU80_3_IRQHandler
                0x080002b0                CCU41_3_IRQHandler
                0x080002b0                CCU80_2_IRQHandler
                0x080002b0                VADC0_G1_3_IRQHandler
                0x080002b0                VADC0_G0_3_IRQHandler
                0x080002b0                GPDMA0_0_IRQHandler
                0x080002b0                PMU0_0_IRQHandler
                0x080002b0                CAN0_7_IRQHandler
                0x080002b0                DSD0_1_IRQHandler
                0x080002b0                CCU41_2_IRQHandler
                0x080002b0                VADC0_C0_1_IRQHandler
                0x080002b0                CCU43_2_IRQHandler
                0x080002b0                MemManage_Handler
                0x080002b0                VADC0_G3_1_IRQHandler
                0x080002b0                DAC0_0_IRQHandler
                0x080002b0                SVC_Handler
                0x080002b0                VADC0_G3_3_IRQHandler
                0x080002b0                ERU1_2_IRQHandler
                0x080002b0                CCU41_1_IRQHandler
                0x080002b0                DSD0_6_IRQHandler
                0x080002b0                CCU43_1_IRQHandler
                0x080002b0                VADC0_G1_2_IRQHandler
                0x080002b0                CAN0_2_IRQHandler
                0x080002b0                USIC2_0_IRQHandler
                0x080002b0                VADC0_G0_2_IRQHandler
                0x080002b0                VADC0_G2_1_IRQHandler
                0x080002b0                CAN0_3_IRQHandler
                0x080002b0                ETH0_0_IRQHandler
                0x080002b0                USIC0_3_IRQHandler
                0x080002b0                DSD0_0_IRQHandler
                0x080002b0                VADC0_C0_2_IRQHandler
                0x080002b0                CCU42_0_IRQHandler
                0x080002b0                FCE0_0_IRQHandler
                0x080002b0                VADC0_G1_0_IRQHandler
                0x080002b0                CAN0_5_IRQHandler
                0x080002b0                CCU80_0_IRQHandler
                0x080002b0                CCU40_1_IRQHandler
                0x080002b0                USIC2_1_IRQHandler
                0x080002b0                USIC0_1_IRQHandler
                0x080002b0                VADC0_G3_2_IRQHandler
                0x080002b0                CCU40_3_IRQHandler
                0x080002b0                BusFault_Handler
                0x080002b0                LEDTS0_0_IRQHandler
                0x080002b0                USIC0_4_IRQHandler
                0x080002b0                CCU43_3_IRQHandler
                0x080002b0                ERU0_1_IRQHandler
                0x080002b0                VADC0_G3_0_IRQHandler
                0x080002b0                USIC1_2_IRQHandler
                0x080002b0                DSD0_3_IRQHandler
                0x080002b0                SDMMC0_0_IRQHandler
                0x080002b0                CAN0_1_IRQHandler
                0x080002b0                USIC0_2_IRQHandler
                0x080002b0                DAC0_1_IRQHandler
                0x080002b0                GPDMA1_0_IRQHandler
 *(.text .text.* .gnu.linkonce.t.*)
 .text.SystemInit
                0x080002b4       0x20 ./Startup/system_XMC4500.o
                0x080002b4                SystemInit
 .text.SystemCoreClockUpdate
                0x080002d4       0xd4 ./Startup/system_XMC4500.o
                0x080002d4                SystemCoreClockUpdate
 .text.XMC_GPIO_Init
                0x080003a8      0x14c ./Libraries/XMCLib/src/xmc4_gpio.o
                0x080003a8                XMC_GPIO_Init
 .text.XMC_SCU_CLOCK_GetCpuClockFrequency
                0x080004f4       0x18 ./Libraries/XMCLib/src/xmc4_scu.o
 .text.XMC_SCU_GetMirrorStatus
                0x0800050c       0x18 ./Libraries/XMCLib/src/xmc4_scu.o
 .text.XMC_SCU_lDelay
                0x08000524       0x44 ./Libraries/XMCLib/src/xmc4_scu.o
 .text.XMC_SCU_INTERUPT_GetEventStatus
                0x08000568       0x18 ./Libraries/XMCLib/src/xmc4_scu.o
                0x08000568                XMC_SCU_INTERUPT_GetEventStatus
 .text.XMC_SCU_INTERRUPT_ClearEventStatus
                0x08000580       0x1c ./Libraries/XMCLib/src/xmc4_scu.o
                0x08000580                XMC_SCU_INTERRUPT_ClearEventStatus
 .text.XMC_SCU_CLOCK_Init
                0x0800059c       0xec ./Libraries/XMCLib/src/xmc4_scu.o
                0x0800059c                XMC_SCU_CLOCK_Init
 .text.XMC_SCU_RESET_AssertPeripheralReset
                0x08000688       0x38 ./Libraries/XMCLib/src/xmc4_scu.o
                0x08000688                XMC_SCU_RESET_AssertPeripheralReset
 .text.XMC_SCU_RESET_DeassertPeripheralReset
                0x080006c0       0x38 ./Libraries/XMCLib/src/xmc4_scu.o
                0x080006c0                XMC_SCU_RESET_DeassertPeripheralReset
 .text.XMC_SCU_RESET_IsPeripheralResetAsserted
                0x080006f8       0x48 ./Libraries/XMCLib/src/xmc4_scu.o
                0x080006f8                XMC_SCU_RESET_IsPeripheralResetAsserted
 .text.XMC_SCU_CLOCK_GetPeripheralClockFrequency
                0x08000740       0x20 ./Libraries/XMCLib/src/xmc4_scu.o
                0x08000740                XMC_SCU_CLOCK_GetPeripheralClockFrequency
 .text.XMC_SCU_CLOCK_SetSystemClockSource
                0x08000760       0x28 ./Libraries/XMCLib/src/xmc4_scu.o
                0x08000760                XMC_SCU_CLOCK_SetSystemClockSource
 .text.XMC_SCU_CLOCK_SetUsbClockSource
                0x08000788       0x28 ./Libraries/XMCLib/src/xmc4_scu.o
                0x08000788                XMC_SCU_CLOCK_SetUsbClockSource
 .text.XMC_SCU_CLOCK_SetWdtClockSource
                0x080007b0       0x28 ./Libraries/XMCLib/src/xmc4_scu.o
                0x080007b0                XMC_SCU_CLOCK_SetWdtClockSource
 .text.XMC_SCU_CLOCK_SetSystemPllClockSource
                0x080007d8       0x40 ./Libraries/XMCLib/src/xmc4_scu.o
                0x080007d8                XMC_SCU_CLOCK_SetSystemPllClockSource
 .text.XMC_SCU_HIB_SetRtcClockSource
                0x08000818       0x3c ./Libraries/XMCLib/src/xmc4_scu.o
                0x08000818                XMC_SCU_HIB_SetRtcClockSource
 .text.XMC_SCU_HIB_SetStandbyClockSource
                0x08000854       0x3c ./Libraries/XMCLib/src/xmc4_scu.o
                0x08000854                XMC_SCU_HIB_SetStandbyClockSource
 .text.XMC_SCU_CLOCK_SetSystemClockDivider
                0x08000890       0x28 ./Libraries/XMCLib/src/xmc4_scu.o
                0x08000890                XMC_SCU_CLOCK_SetSystemClockDivider
 .text.XMC_SCU_CLOCK_SetCcuClockDivider
                0x080008b8       0x28 ./Libraries/XMCLib/src/xmc4_scu.o
                0x080008b8                XMC_SCU_CLOCK_SetCcuClockDivider
 .text.XMC_SCU_CLOCK_SetCpuClockDivider
                0x080008e0       0x28 ./Libraries/XMCLib/src/xmc4_scu.o
                0x080008e0                XMC_SCU_CLOCK_SetCpuClockDivider
 .text.XMC_SCU_CLOCK_SetPeripheralClockDivider
                0x08000908       0x28 ./Libraries/XMCLib/src/xmc4_scu.o
                0x08000908                XMC_SCU_CLOCK_SetPeripheralClockDivider
 .text.XMC_SCU_CLOCK_SetUsbClockDivider
                0x08000930       0x28 ./Libraries/XMCLib/src/xmc4_scu.o
                0x08000930                XMC_SCU_CLOCK_SetUsbClockDivider
 .text.XMC_SCU_CLOCK_SetEbuClockDivider
                0x08000958       0x28 ./Libraries/XMCLib/src/xmc4_scu.o
                0x08000958                XMC_SCU_CLOCK_SetEbuClockDivider
 .text.XMC_SCU_CLOCK_SetWdtClockDivider
                0x08000980       0x28 ./Libraries/XMCLib/src/xmc4_scu.o
                0x08000980                XMC_SCU_CLOCK_SetWdtClockDivider
 .text.XMC_SCU_CLOCK_EnableClock
                0x080009a8       0x20 ./Libraries/XMCLib/src/xmc4_scu.o
                0x080009a8                XMC_SCU_CLOCK_EnableClock
 .text.XMC_SCU_CLOCK_StartUsbPll
                0x080009c8       0x74 ./Libraries/XMCLib/src/xmc4_scu.o
                0x080009c8                XMC_SCU_CLOCK_StartUsbPll
 .text.XMC_SCU_CLOCK_SetBackupClockCalibrationMode
                0x08000a3c       0x4c ./Libraries/XMCLib/src/xmc4_scu.o
                0x08000a3c                XMC_SCU_CLOCK_SetBackupClockCalibrationMode
 .text.XMC_SCU_POWER_EnableUsb
                0x08000a88       0x18 ./Libraries/XMCLib/src/xmc4_scu.o
                0x08000a88                XMC_SCU_POWER_EnableUsb
 .text.XMC_SCU_POWER_DisableUsb
                0x08000aa0       0x18 ./Libraries/XMCLib/src/xmc4_scu.o
                0x08000aa0                XMC_SCU_POWER_DisableUsb
 .text.XMC_SCU_HIB_EnableHibernateDomain
                0x08000ab8       0x58 ./Libraries/XMCLib/src/xmc4_scu.o
                0x08000ab8                XMC_SCU_HIB_EnableHibernateDomain
 .text.XMC_SCU_CLOCK_IsLowPowerOscillatorStable
                0x08000b10       0x24 ./Libraries/XMCLib/src/xmc4_scu.o
                0x08000b10                XMC_SCU_CLOCK_IsLowPowerOscillatorStable
 .text.XMC_SCU_CLOCK_EnableLowPowerOscillator
                0x08000b34       0x70 ./Libraries/XMCLib/src/xmc4_scu.o
                0x08000b34                XMC_SCU_CLOCK_EnableLowPowerOscillator
 .text.XMC_SCU_CLOCK_EnableHighPerformanceOscillator
                0x08000ba4       0x50 ./Libraries/XMCLib/src/xmc4_scu.o
                0x08000ba4                XMC_SCU_CLOCK_EnableHighPerformanceOscillator
 .text.XMC_SCU_CLOCK_IsHighPerformanceOscillatorStable
                0x08000bf4       0x28 ./Libraries/XMCLib/src/xmc4_scu.o
                0x08000bf4                XMC_SCU_CLOCK_IsHighPerformanceOscillatorStable
 .text.XMC_SCU_CLOCK_EnableSystemPll
                0x08000c1c       0x20 ./Libraries/XMCLib/src/xmc4_scu.o
                0x08000c1c                XMC_SCU_CLOCK_EnableSystemPll
 .text.XMC_SCU_CLOCK_DisableSystemPll
                0x08000c3c       0x20 ./Libraries/XMCLib/src/xmc4_scu.o
                0x08000c3c                XMC_SCU_CLOCK_DisableSystemPll
 .text.XMC_SCU_CLOCK_StartSystemPll
                0x08000c5c      0x174 ./Libraries/XMCLib/src/xmc4_scu.o
                0x08000c5c                XMC_SCU_CLOCK_StartSystemPll
 .text.XMC_SCU_CLOCK_StepSystemPllFrequency
                0x08000dd0       0x2c ./Libraries/XMCLib/src/xmc4_scu.o
                0x08000dd0                XMC_SCU_CLOCK_StepSystemPllFrequency
 .text.XMC_GPIO_SetMode
                0x08000dfc       0x80 ./Libraries/XMCLib/src/xmc_gpio.o
                0x08000dfc                XMC_GPIO_SetMode
 .text.XMC_GPIO_SetHardwareControl
                0x08000e7c       0x44 ./Libraries/XMCLib/src/xmc_gpio.o
                0x08000e7c                XMC_GPIO_SetHardwareControl
 .text.XMC_USIC_CH_GetTransmitBufferStatus
                0x08000ec0       0x20 ./Libraries/XMCLib/src/xmc_i2c.o
 .text.XMC_I2C_CH_ClearStatusFlag
                0x08000ee0       0x20 ./Libraries/XMCLib/src/xmc_i2c.o
 .text.XMC_I2C_CH_Init
                0x08000f00       0x54 ./Libraries/XMCLib/src/xmc_i2c.o
                0x08000f00                XMC_I2C_CH_Init
 .text.XMC_I2C_CH_SetSlaveAddress
                0x08000f54       0x40 ./Libraries/XMCLib/src/xmc_i2c.o
                0x08000f54                XMC_I2C_CH_SetSlaveAddress
 .text.XMC_I2C_CH_SetBaudrateEx
                0x08000f94       0x9c ./Libraries/XMCLib/src/xmc_i2c.o
                0x08000f94                XMC_I2C_CH_SetBaudrateEx
 .text.XMC_I2C_CH_MasterStart
                0x08001030       0x68 ./Libraries/XMCLib/src/xmc_i2c.o
                0x08001030                XMC_I2C_CH_MasterStart
 .text.XMC_I2C_CH_MasterRepeatedStart
                0x08001098       0x68 ./Libraries/XMCLib/src/xmc_i2c.o
                0x08001098                XMC_I2C_CH_MasterRepeatedStart
 .text.XMC_I2C_CH_MasterStop
                0x08001100       0x4c ./Libraries/XMCLib/src/xmc_i2c.o
                0x08001100                XMC_I2C_CH_MasterStop
 .text.XMC_I2C_CH_MasterTransmit
                0x0800114c       0x4c ./Libraries/XMCLib/src/xmc_i2c.o
                0x0800114c                XMC_I2C_CH_MasterTransmit
 .text.XMC_I2C_CH_MasterReceiveAck
                0x08001198       0x4c ./Libraries/XMCLib/src/xmc_i2c.o
                0x08001198                XMC_I2C_CH_MasterReceiveAck
 .text.XMC_I2C_CH_MasterReceiveNack
                0x080011e4       0x4c ./Libraries/XMCLib/src/xmc_i2c.o
                0x080011e4                XMC_I2C_CH_MasterReceiveNack
 .text.XMC_I2C_CH_GetReceivedData
                0x08001230       0x34 ./Libraries/XMCLib/src/xmc_i2c.o
                0x08001230                XMC_I2C_CH_GetReceivedData
 .text.XMC_I2C_CH_EnableEvent
                0x08001264       0x38 ./Libraries/XMCLib/src/xmc_i2c.o
                0x08001264                XMC_I2C_CH_EnableEvent
 .text.XMC_I2C_CH_DisableEvent
                0x0800129c       0x3c ./Libraries/XMCLib/src/xmc_i2c.o
                0x0800129c                XMC_I2C_CH_DisableEvent
 .text.XMC_USBD_lDeviceActive
                0x080012d8       0x6c ./Libraries/XMCLib/src/xmc_usbd.o
                0x080012d8                XMC_USBD_lDeviceActive
 .text.XMC_USBD_lReadFifo
                0x08001344       0xe8 ./Libraries/XMCLib/src/xmc_usbd.o
 .text.XMC_USBD_lWriteFifo
                0x0800142c       0xa4 ./Libraries/XMCLib/src/xmc_usbd.o
 .text.XMC_USBD_lFlushTXFifo
                0x080014d0       0x84 ./Libraries/XMCLib/src/xmc_usbd.o
 .text.XMC_USBD_lFlushRXFifo
                0x08001554       0x68 ./Libraries/XMCLib/src/xmc_usbd.o
 .text.XMC_USBD_lAssignTXFifo
                0x080015bc       0x70 ./Libraries/XMCLib/src/xmc_usbd.o
 .text.XMC_USBD_lUnassignFifo
                0x0800162c       0x38 ./Libraries/XMCLib/src/xmc_usbd.o
 .text.XMC_USBD_lStartReadXfer
                0x08001664      0x178 ./Libraries/XMCLib/src/xmc_usbd.o
 .text.XMC_USBD_lStartWriteXfer
                0x080017dc      0x194 ./Libraries/XMCLib/src/xmc_usbd.o
 .text.XMC_USBD_lHandleUSBReset
                0x08001970      0x14c ./Libraries/XMCLib/src/xmc_usbd.o
 .text.XMC_USBD_lHandleOTGInt
                0x08001abc       0x48 ./Libraries/XMCLib/src/xmc_usbd.o
 .text.XMC_USBD_lHandleEnumDone
                0x08001b04       0x78 ./Libraries/XMCLib/src/xmc_usbd.o
 .text.XMC_USBD_lHandleOEPInt
                0x08001b7c      0x1b8 ./Libraries/XMCLib/src/xmc_usbd.o
 .text.XMC_USBD_lHandleIEPInt
                0x08001d34      0x1b8 ./Libraries/XMCLib/src/xmc_usbd.o
 .text.XMC_USBD_lHandleRxFLvl
                0x08001eec       0x80 ./Libraries/XMCLib/src/xmc_usbd.o
 .text.XMC_USBD_IRQHandler
                0x08001f6c      0x14c ./Libraries/XMCLib/src/xmc_usbd.o
                0x08001f6c                XMC_USBD_IRQHandler
 .text.XMC_USBD_Enable
                0x080020b8       0x14 ./Libraries/XMCLib/src/xmc_usbd.o
                0x080020b8                XMC_USBD_Enable
 .text.XMC_USBD_Disable
                0x080020cc       0x14 ./Libraries/XMCLib/src/xmc_usbd.o
                0x080020cc                XMC_USBD_Disable
 .text.XMC_USBD_ClearEvent
                0x080020e0       0xc8 ./Libraries/XMCLib/src/xmc_usbd.o
                0x080020e0                XMC_USBD_ClearEvent
 .text.XMC_USBD_lClearEventOTG
                0x080021a8       0x28 ./Libraries/XMCLib/src/xmc_usbd.o
 .text.XMC_USBD_ClearEventINEP
                0x080021d0       0x2c ./Libraries/XMCLib/src/xmc_usbd.o
                0x080021d0                XMC_USBD_ClearEventINEP
 .text.XMC_USBD_ClearEventOUTEP
                0x080021fc       0x30 ./Libraries/XMCLib/src/xmc_usbd.o
                0x080021fc                XMC_USBD_ClearEventOUTEP
 .text.XMC_USBD_EnableEventOUTEP
                0x0800222c       0x30 ./Libraries/XMCLib/src/xmc_usbd.o
                0x0800222c                XMC_USBD_EnableEventOUTEP
 .text.XMC_USBD_EnableEventINEP
                0x0800225c       0x30 ./Libraries/XMCLib/src/xmc_usbd.o
                0x0800225c                XMC_USBD_EnableEventINEP
 .text.XMC_USBD_GetCapabilities
                0x0800228c       0x68 ./Libraries/XMCLib/src/xmc_usbd.o
                0x0800228c                XMC_USBD_GetCapabilities
 .text.XMC_USBD_Init
                0x080022f4      0x23c ./Libraries/XMCLib/src/xmc_usbd.o
                0x080022f4                XMC_USBD_Init
 .text.XMC_USBD_Uninitialize
                0x08002530       0x3c ./Libraries/XMCLib/src/xmc_usbd.o
                0x08002530                XMC_USBD_Uninitialize
 .text.XMC_USBD_DeviceConnect
                0x0800256c       0x34 ./Libraries/XMCLib/src/xmc_usbd.o
                0x0800256c                XMC_USBD_DeviceConnect
 .text.XMC_USBD_DeviceDisconnect
                0x080025a0       0x34 ./Libraries/XMCLib/src/xmc_usbd.o
                0x080025a0                XMC_USBD_DeviceDisconnect
 .text.XMC_USBD_DeviceGetState
                0x080025d4       0x64 ./Libraries/XMCLib/src/xmc_usbd.o
                0x080025d4                XMC_USBD_DeviceGetState
 .text.XMC_USBD_EndpointReadStart
                0x08002638       0x8c ./Libraries/XMCLib/src/xmc_usbd.o
                0x08002638                XMC_USBD_EndpointReadStart
 .text.XMC_USBD_EndpointRead
                0x080026c4       0x78 ./Libraries/XMCLib/src/xmc_usbd.o
                0x080026c4                XMC_USBD_EndpointRead
 .text.XMC_USBD_EndpointWrite
                0x0800273c       0xa8 ./Libraries/XMCLib/src/xmc_usbd.o
                0x0800273c                XMC_USBD_EndpointWrite
 .text.XMC_USBD_DeviceSetAddress
                0x080027e4       0x4c ./Libraries/XMCLib/src/xmc_usbd.o
                0x080027e4                XMC_USBD_DeviceSetAddress
 .text.XMC_USBD_EndpointStall
                0x08002830      0x14c ./Libraries/XMCLib/src/xmc_usbd.o
                0x08002830                XMC_USBD_EndpointStall
 .text.XMC_USBD_EndpointAbort
                0x0800297c       0x88 ./Libraries/XMCLib/src/xmc_usbd.o
                0x0800297c                XMC_USBD_EndpointAbort
 .text.XMC_USBD_EndpointConfigure
                0x08002a04      0x2f4 ./Libraries/XMCLib/src/xmc_usbd.o
                0x08002a04                XMC_USBD_EndpointConfigure
 .text.XMC_USBD_EndpointUnconfigure
                0x08002cf8      0x170 ./Libraries/XMCLib/src/xmc_usbd.o
                0x08002cf8                XMC_USBD_EndpointUnconfigure
 .text.XMC_USBD_GetFrameNumber
                0x08002e68       0x2c ./Libraries/XMCLib/src/xmc_usbd.o
                0x08002e68                XMC_USBD_GetFrameNumber
 .text.XMC_USBD_IsEnumDone
                0x08002e94       0x38 ./Libraries/XMCLib/src/xmc_usbd.o
                0x08002e94                XMC_USBD_IsEnumDone
 .text.XMC_USIC_CH_Enable
                0x08002ecc       0x98 ./Libraries/XMCLib/src/xmc_usic.o
                0x08002ecc                XMC_USIC_CH_Enable
 .text.XMC_USIC_CH_SetBaudrate
                0x08002f64       0xe0 ./Libraries/XMCLib/src/xmc_usic.o
                0x08002f64                XMC_USIC_CH_SetBaudrate
 .text.XMC_USIC_CH_SetBaudrateEx
                0x08003044      0x100 ./Libraries/XMCLib/src/xmc_usic.o
                0x08003044                XMC_USIC_CH_SetBaudrateEx
 .text.XMC_USIC_CH_TXFIFO_Configure
                0x08003144       0x50 ./Libraries/XMCLib/src/xmc_usic.o
                0x08003144                XMC_USIC_CH_TXFIFO_Configure
 .text.XMC_USIC_CH_RXFIFO_Configure
                0x08003194       0x54 ./Libraries/XMCLib/src/xmc_usic.o
                0x08003194                XMC_USIC_CH_RXFIFO_Configure
 .text.XMC_USIC_CH_RXFIFO_SetSizeTriggerLimit
                0x080031e8       0x44 ./Libraries/XMCLib/src/xmc_usic.o
                0x080031e8                XMC_USIC_CH_RXFIFO_SetSizeTriggerLimit
 .text.XMC_USIC_CH_SetInterruptNodePointer
                0x0800322c       0x38 ./Libraries/XMCLib/src/xmc_usic.o
                0x0800322c                XMC_USIC_CH_SetInterruptNodePointer
 .text.XMC_USIC_CH_TXFIFO_SetInterruptNodePointer
                0x08003264       0x3c ./Libraries/XMCLib/src/xmc_usic.o
                0x08003264                XMC_USIC_CH_TXFIFO_SetInterruptNodePointer
 .text.XMC_USIC_CH_RXFIFO_SetInterruptNodePointer
                0x080032a0       0x3c ./Libraries/XMCLib/src/xmc_usic.o
                0x080032a0                XMC_USIC_CH_RXFIFO_SetInterruptNodePointer
 .text.XMC_USIC_Enable
                0x080032dc       0x80 ./Libraries/XMCLib/src/xmc_usic.o
                0x080032dc                XMC_USIC_Enable
 .text._sbrk    0x0800335c       0x68 ./Libraries/Newlib/syscalls.o
                0x0800335c                _sbrk
 .text._init    0x080033c4        0xc ./Libraries/Newlib/syscalls.o
                0x080033c4                _init
 .text.USBD_VCOM_Event_GetDescriptor
                0x080033d0       0xa0 ./Dave/Generated/USBD_VCOM/virtual_com/descriptors.o
                0x080033d0                USBD_VCOM_Event_GetDescriptor
 .text.Endpoint_SelectEndpoint
                0x08003470       0x34 ./Dave/Generated/USBD_VCOM/class_driver/device/cdc_class_device.o
 .text.Endpoint_IsSETUPReceived
                0x080034a4       0x2c ./Dave/Generated/USBD_VCOM/class_driver/device/cdc_class_device.o
 .text.Endpoint_ClearSETUP
                0x080034d0       0x20 ./Dave/Generated/USBD_VCOM/class_driver/device/cdc_class_device.o
 .text.Endpoint_ClearStatusStage
                0x080034f0        0xc ./Dave/Generated/USBD_VCOM/class_driver/device/cdc_class_device.o
 .text.Endpoint_IsINReady
                0x080034fc       0x58 ./Dave/Generated/USBD_VCOM/class_driver/device/cdc_class_device.o
 .text.Endpoint_IsOUTReceived
                0x08003554       0x44 ./Dave/Generated/USBD_VCOM/class_driver/device/cdc_class_device.o
 .text.Endpoint_BytesInEndpoint
                0x08003598       0x48 ./Dave/Generated/USBD_VCOM/class_driver/device/cdc_class_device.o
 .text.CDC_Device_ProcessControlRequest
                0x080035e0      0x184 ./Dave/Generated/USBD_VCOM/class_driver/device/cdc_class_device.o
                0x080035e0                CDC_Device_ProcessControlRequest
 .text.CDC_Device_ConfigureEndpoints
                0x08003764       0x88 ./Dave/Generated/USBD_VCOM/class_driver/device/cdc_class_device.o
                0x08003764                CDC_Device_ConfigureEndpoints
 .text.CDC_Device_USBTask
                0x080037ec       0x40 ./Dave/Generated/USBD_VCOM/class_driver/device/cdc_class_device.o
                0x080037ec                CDC_Device_USBTask
 .text.CDC_Device_SendString
                0x0800382c       0x58 ./Dave/Generated/USBD_VCOM/class_driver/device/cdc_class_device.o
                0x0800382c                CDC_Device_SendString
 .text.CDC_Device_Flush
                0x08003884       0x50 ./Dave/Generated/USBD_VCOM/class_driver/device/cdc_class_device.o
                0x08003884                CDC_Device_Flush
 .text.USBD_VCOM_Init
                0x080038d4       0x98 ./Dave/Generated/USBD_VCOM/usbd_vcom.o
                0x080038d4                USBD_VCOM_Init
 .text.USBD_VCOM_IsEnumDone
                0x0800396c       0x28 ./Dave/Generated/USBD_VCOM/usbd_vcom.o
                0x0800396c                USBD_VCOM_IsEnumDone
 .text.USBD_VCOM_SendString
                0x08003994       0x48 ./Dave/Generated/USBD_VCOM/usbd_vcom.o
                0x08003994                USBD_VCOM_SendString
 .text.USBD_VCOM_Register_USBEvent_CB
                0x080039dc       0xa4 ./Dave/Generated/USBD_VCOM/usbd_vcom.o
                0x080039dc                USBD_VCOM_Register_USBEvent_CB
 .text.USBD_VCOM_Event_ConfigurationChanged
                0x08003a80       0x5c ./Dave/Generated/USBD_VCOM/usbd_vcom.o
                0x08003a80                USBD_VCOM_Event_ConfigurationChanged
 .text.USBD_VCOM_Event_ControlRequest
                0x08003adc       0x10 ./Dave/Generated/USBD_VCOM/usbd_vcom.o
                0x08003adc                USBD_VCOM_Event_ControlRequest
 .text.USBD_VCOM_Event_Reset
                0x08003aec       0x40 ./Dave/Generated/USBD_VCOM/usbd_vcom.o
                0x08003aec                USBD_VCOM_Event_Reset
 .text.USBD_VCOM_CDCClass_Event_LineEncodingChanged
                0x08003b2c       0x1c ./Dave/Generated/USBD_VCOM/usbd_vcom.o
                0x08003b2c                USBD_VCOM_CDCClass_Event_LineEncodingChanged
 .text.USBD_VCOM_CDCClass_Event_ControlLineStateChanged
                0x08003b48       0x1c ./Dave/Generated/USBD_VCOM/usbd_vcom.o
                0x08003b48                USBD_VCOM_CDCClass_Event_ControlLineStateChanged
 .text.USBD_VCOM_CDCClass_Event_BreakSent
                0x08003b64       0x20 ./Dave/Generated/USBD_VCOM/usbd_vcom.o
                0x08003b64                USBD_VCOM_CDCClass_Event_BreakSent
 .text.USBD_VCOM_Connect
                0x08003b84       0x10 ./Dave/Generated/USBD_VCOM/usbd_vcom.o
                0x08003b84                USBD_VCOM_Connect
 .text.Endpoint_Write_Stream_LE
                0x08003b94      0x10c ./Dave/Generated/USBD/usb/core/xmc4000/usbd_endpoint_stream_xmc4000.o
                0x08003b94                Endpoint_Write_Stream_LE
 .text.__NVIC_EnableIRQ
                0x08003ca0       0x38 ./Dave/Generated/USBD/usb/core/xmc4000/usbd_endpoint_xmc4000.o
 .text.__NVIC_DisableIRQ
                0x08003cd8       0x44 ./Dave/Generated/USBD/usb/core/xmc4000/usbd_endpoint_xmc4000.o
 .text.Endpoint_IsINReady
                0x08003d1c       0x58 ./Dave/Generated/USBD/usb/core/xmc4000/usbd_endpoint_xmc4000.o
 .text.Endpoint_IsOUTReceived
                0x08003d74       0x44 ./Dave/Generated/USBD/usb/core/xmc4000/usbd_endpoint_xmc4000.o
 .text.Endpoint_GetEndpointDirection
                0x08003db8       0x38 ./Dave/Generated/USBD/usb/core/xmc4000/usbd_endpoint_xmc4000.o
 .text.Endpoint_IsStalled
                0x08003df0       0x40 ./Dave/Generated/USBD/usb/core/xmc4000/usbd_endpoint_xmc4000.o
 .text.USB_Device_GetFrameNumber
                0x08003e30       0x18 ./Dave/Generated/USBD/usb/core/xmc4000/usbd_endpoint_xmc4000.o
 .text.Endpoint_WaitUntilReady
                0x08003e48       0x90 ./Dave/Generated/USBD/usb/core/xmc4000/usbd_endpoint_xmc4000.o
                0x08003e48                Endpoint_WaitUntilReady
 .text.Endpoint_ClearIN
                0x08003ed8       0xa4 ./Dave/Generated/USBD/usb/core/xmc4000/usbd_endpoint_xmc4000.o
                0x08003ed8                Endpoint_ClearIN
 .text.Endpoint_IsReadWriteAllowed
                0x08003f7c       0x64 ./Dave/Generated/USBD/usb/core/xmc4000/usbd_endpoint_xmc4000.o
                0x08003f7c                Endpoint_IsReadWriteAllowed
 .text.Endpoint_Write_8
                0x08003fe0       0x68 ./Dave/Generated/USBD/usb/core/xmc4000/usbd_endpoint_xmc4000.o
                0x08003fe0                Endpoint_Write_8
 .text.Endpoint_Read_8
                0x08004048       0x70 ./Dave/Generated/USBD/usb/core/xmc4000/usbd_endpoint_xmc4000.o
                0x08004048                Endpoint_Read_8
 .text.Endpoint_Write_32_LE
                0x080040b8       0x68 ./Dave/Generated/USBD/usb/core/xmc4000/usbd_endpoint_xmc4000.o
                0x080040b8                Endpoint_Write_32_LE
 .text.Endpoint_Read_32_LE
                0x08004120       0x70 ./Dave/Generated/USBD/usb/core/xmc4000/usbd_endpoint_xmc4000.o
                0x08004120                Endpoint_Read_32_LE
 .text.Endpoint_ConfigureEndpointTable
                0x08004190      0x150 ./Dave/Generated/USBD/usb/core/xmc4000/usbd_endpoint_xmc4000.o
                0x08004190                Endpoint_ConfigureEndpointTable
 .text.__NVIC_GetPriorityGrouping
                0x080042e0       0x1c ./Dave/Generated/USBD/usbd.o
 .text.__NVIC_EnableIRQ
                0x080042fc       0x38 ./Dave/Generated/USBD/usbd.o
 .text.__NVIC_DisableIRQ
                0x08004334       0x44 ./Dave/Generated/USBD/usbd.o
 .text.__NVIC_ClearPendingIRQ
                0x08004378       0x3c ./Dave/Generated/USBD/usbd.o
 .text.__NVIC_SetPriority
                0x080043b4       0x54 ./Dave/Generated/USBD/usbd.o
 .text.NVIC_EncodePriority
                0x08004408       0x64 ./Dave/Generated/USBD/usbd.o
 .text.USBD_Init
                0x0800446c      0x124 ./Dave/Generated/USBD/usbd.o
                0x0800446c                USBD_Init
 .text.USBD_Connect
                0x08004590       0x18 ./Dave/Generated/USBD/usbd.o
                0x08004590                USBD_Connect
 .text.USBD_IsEnumDone
                0x080045a8       0x18 ./Dave/Generated/USBD/usbd.o
                0x080045a8                USBD_IsEnumDone
 .text.USBD_SetEndpointBuffer
                0x080045c0       0x78 ./Dave/Generated/USBD/usbd.o
                0x080045c0                USBD_SetEndpointBuffer
 .text.USB0_0_IRQHandler
                0x08004638       0x14 ./Dave/Generated/USBD/usbd.o
                0x08004638                USB0_0_IRQHandler
 .text.USB_EnableUSBInterrupt
                0x0800464c       0x2c ./Dave/Generated/USBD/usbd.o
 .text.USB_DisableUSBInterrupt
                0x08004678       0x14 ./Dave/Generated/USBD/usbd.o
 .text.USBD_HandleEP0_Stall
                0x0800468c       0x30 ./Dave/Generated/USBD/usbd.o
 .text.USBD_Handle_DeviceRequest
                0x080046bc      0x4b8 ./Dave/Generated/USBD/usbd.o
 .text.USBD_HandleEP0_IN
                0x08004b74       0x4c ./Dave/Generated/USBD/usbd.o
 .text.USBD_HandleEP0_OUT
                0x08004bc0       0x54 ./Dave/Generated/USBD/usbd.o
 .text.USBD_HandleEP0_SETUP
                0x08004c14       0x98 ./Dave/Generated/USBD/usbd.o
 .text.USBD_SignalDeviceEventHandler
                0x08004cac      0x25c ./Dave/Generated/USBD/usbd.o
 .text.USBD_SignalEndpointEvent_Handler
                0x08004f08      0x1a0 ./Dave/Generated/USBD/usbd.o
 .text.__NVIC_ClearPendingIRQ
                0x080050a8       0x3c ./Dave/Generated/I2C_MASTER/i2c_master.o
 .text.XMC_USIC_CH_EnableEvent
                0x080050e4       0x20 ./Dave/Generated/I2C_MASTER/i2c_master.o
 .text.XMC_USIC_CH_DisableEvent
                0x08005104       0x24 ./Dave/Generated/I2C_MASTER/i2c_master.o
 .text.XMC_USIC_CH_GetTransmitBufferStatus
                0x08005128       0x20 ./Dave/Generated/I2C_MASTER/i2c_master.o
 .text.XMC_USIC_CH_TriggerServiceRequest
                0x08005148       0x20 ./Dave/Generated/I2C_MASTER/i2c_master.o
 .text.XMC_USIC_CH_TXFIFO_EnableEvent
                0x08005168       0x24 ./Dave/Generated/I2C_MASTER/i2c_master.o
 .text.XMC_USIC_CH_TXFIFO_DisableEvent
                0x0800518c       0x28 ./Dave/Generated/I2C_MASTER/i2c_master.o
 .text.XMC_USIC_CH_TXFIFO_IsFull
                0x080051b4       0x28 ./Dave/Generated/I2C_MASTER/i2c_master.o
 .text.XMC_USIC_CH_TXFIFO_IsEmpty
                0x080051dc       0x28 ./Dave/Generated/I2C_MASTER/i2c_master.o
 .text.XMC_USIC_CH_RXFIFO_EnableEvent
                0x08005204       0x24 ./Dave/Generated/I2C_MASTER/i2c_master.o
 .text.XMC_USIC_CH_RXFIFO_DisableEvent
                0x08005228       0x28 ./Dave/Generated/I2C_MASTER/i2c_master.o
 .text.XMC_USIC_CH_RXFIFO_Flush
                0x08005250       0x1c ./Dave/Generated/I2C_MASTER/i2c_master.o
 .text.XMC_USIC_CH_RXFIFO_IsEmpty
                0x0800526c       0x28 ./Dave/Generated/I2C_MASTER/i2c_master.o
 .text.XMC_I2C_CH_SetInterruptNodePointer
                0x08005294       0x20 ./Dave/Generated/I2C_MASTER/i2c_master.o
 .text.XMC_I2C_CH_GetStatusFlag
                0x080052b4       0x18 ./Dave/Generated/I2C_MASTER/i2c_master.o
 .text.XMC_I2C_CH_ClearStatusFlag
                0x080052cc       0x20 ./Dave/Generated/I2C_MASTER/i2c_master.o
 .text.I2C_MASTER_SetRXFIFOTriggerLimit
                0x080052ec       0x24 ./Dave/Generated/I2C_MASTER/i2c_master.o
 .text.I2C_MASTER_IsTXFIFOFull
                0x08005310       0x1c ./Dave/Generated/I2C_MASTER/i2c_master.o
 .text.I2C_MASTER_IsRXFIFOEmpty
                0x0800532c       0x1c ./Dave/Generated/I2C_MASTER/i2c_master.o
 .text.I2C_MASTER_GetReceivedByte
                0x08005348       0x1c ./Dave/Generated/I2C_MASTER/i2c_master.o
 .text.I2C_MASTER_TransmitByte
                0x08005364       0x20 ./Dave/Generated/I2C_MASTER/i2c_master.o
 .text.I2C_MASTER_EnableEvent
                0x08005384       0x1c ./Dave/Generated/I2C_MASTER/i2c_master.o
 .text.I2C_MASTER_DisableEvent
                0x080053a0       0x1c ./Dave/Generated/I2C_MASTER/i2c_master.o
 .text.I2C_MASTER_ReceiveACK
                0x080053bc       0x18 ./Dave/Generated/I2C_MASTER/i2c_master.o
 .text.I2C_MASTER_ReceiveNACK
                0x080053d4       0x18 ./Dave/Generated/I2C_MASTER/i2c_master.o
 .text.I2C_MASTER_SendStop
                0x080053ec       0x24 ./Dave/Generated/I2C_MASTER/i2c_master.o
 .text.I2C_MASTER_SendStart
                0x08005410       0x34 ./Dave/Generated/I2C_MASTER/i2c_master.o
 .text.I2C_MASTER_SendRepeatedStart
                0x08005444       0x34 ./Dave/Generated/I2C_MASTER/i2c_master.o
 .text.calculate_minfifosize
                0x08005478       0x2c ./Dave/Generated/I2C_MASTER/i2c_master.o
 .text.I2C_MASTER_Init
                0x080054a4       0x2c ./Dave/Generated/I2C_MASTER/i2c_master.o
                0x080054a4                I2C_MASTER_Init
 .text.I2C_MASTER_GetFlagStatus
                0x080054d0       0x24 ./Dave/Generated/I2C_MASTER/i2c_master.o
                0x080054d0                I2C_MASTER_GetFlagStatus
 .text.I2C_MASTER_ClearFlag
                0x080054f4       0x1c ./Dave/Generated/I2C_MASTER/i2c_master.o
                0x080054f4                I2C_MASTER_ClearFlag
 .text.I2C_MASTER_Transmit
                0x08005510       0x48 ./Dave/Generated/I2C_MASTER/i2c_master.o
                0x08005510                I2C_MASTER_Transmit
 .text.I2C_MASTER_TransmitHandler
                0x08005558      0x258 ./Dave/Generated/I2C_MASTER/i2c_master.o
                0x08005558                I2C_MASTER_TransmitHandler
 .text.I2C_MASTER_lSendStop_JumpTo_TxCallback
                0x080057b0       0x60 ./Dave/Generated/I2C_MASTER/i2c_master.o
 .text.I2C_MASTER_Receive
                0x08005810       0x4c ./Dave/Generated/I2C_MASTER/i2c_master.o
                0x08005810                I2C_MASTER_Receive
 .text.I2C_MASTER_lReceive_FIFOData
                0x0800585c      0x1d8 ./Dave/Generated/I2C_MASTER/i2c_master.o
 .text.I2C_MASTER_lReceive_StdData
                0x08005a34      0x150 ./Dave/Generated/I2C_MASTER/i2c_master.o
 .text.I2C_MASTER_lSendStart_Or_RepeatedStart
                0x08005b84       0x54 ./Dave/Generated/I2C_MASTER/i2c_master.o
 .text.I2C_MASTER_StartTransmitIRQ
                0x08005bd8       0xd4 ./Dave/Generated/I2C_MASTER/i2c_master.o
                0x08005bd8                I2C_MASTER_StartTransmitIRQ
 .text.I2C_MASTER_StartReceiveIRQ
                0x08005cac       0xe4 ./Dave/Generated/I2C_MASTER/i2c_master.o
                0x08005cac                I2C_MASTER_StartReceiveIRQ
 .text.I2C_MASTER_ReceiveHandler
                0x08005d90      0x248 ./Dave/Generated/I2C_MASTER/i2c_master.o
                0x08005d90                I2C_MASTER_ReceiveHandler
 .text.I2C_MASTER_lSendStop_JumpTo_RxCallback
                0x08005fd8       0x70 ./Dave/Generated/I2C_MASTER/i2c_master.o
 .text.I2C_MASTER_ProtocolHandler
                0x08006048       0x88 ./Dave/Generated/I2C_MASTER/i2c_master.o
                0x08006048                I2C_MASTER_ProtocolHandler
 .text.I2C_MASTER_lReconfigureRxFIFO
                0x080060d0       0x74 ./Dave/Generated/I2C_MASTER/i2c_master.o
 .text.__NVIC_GetPriorityGrouping
                0x08006144       0x1c ./Dave/Generated/I2C_MASTER/i2c_master_conf.o
 .text.__NVIC_EnableIRQ
                0x08006160       0x38 ./Dave/Generated/I2C_MASTER/i2c_master_conf.o
 .text.__NVIC_SetPriority
                0x08006198       0x54 ./Dave/Generated/I2C_MASTER/i2c_master_conf.o
 .text.NVIC_EncodePriority
                0x080061ec       0x64 ./Dave/Generated/I2C_MASTER/i2c_master_conf.o
 .text.XMC_USIC_CH_SetInputSource
                0x08006250       0x3c ./Dave/Generated/I2C_MASTER/i2c_master_conf.o
 .text.XMC_USIC_CH_TXFIFO_EnableEvent
                0x0800628c       0x24 ./Dave/Generated/I2C_MASTER/i2c_master_conf.o
 .text.XMC_USIC_CH_RXFIFO_EnableEvent
                0x080062b0       0x24 ./Dave/Generated/I2C_MASTER/i2c_master_conf.o
 .text.XMC_USIC_CH_SetMode
                0x080062d4       0x28 ./Dave/Generated/I2C_MASTER/i2c_master_conf.o
 .text.XMC_I2C_CH_Start
                0x080062fc       0x18 ./Dave/Generated/I2C_MASTER/i2c_master_conf.o
 .text.I2C_MASTER_0_disable_io
                0x08006314       0x20 ./Dave/Generated/I2C_MASTER/i2c_master_conf.o
 .text.I2C_MASTER_0_enable_io
                0x08006334       0x24 ./Dave/Generated/I2C_MASTER/i2c_master_conf.o
 .text.I2C_MASTER_0_init
                0x08006358       0xf0 ./Dave/Generated/I2C_MASTER/i2c_master_conf.o
                0x08006358                I2C_MASTER_0_init
 .text.USIC2_3_IRQHandler
                0x08006448       0x10 ./Dave/Generated/I2C_MASTER/i2c_master_conf.o
                0x08006448                USIC2_3_IRQHandler
 .text.USIC2_2_IRQHandler
                0x08006458       0x10 ./Dave/Generated/I2C_MASTER/i2c_master_conf.o
                0x08006458                USIC2_2_IRQHandler
 .text.DIGITAL_IO_Init
                0x08006468       0x40 ./Dave/Generated/DIGITAL_IO/digital_io.o
                0x08006468                DIGITAL_IO_Init
 .text.__NVIC_SetPriorityGrouping
                0x080064a8       0x48 ./Dave/Generated/CPU_CTRL_XMC4/cpu_ctrl_xmc4_conf.o
 .text.SystemCoreSetup
                0x080064f0       0xa0 ./Dave/Generated/CPU_CTRL_XMC4/cpu_ctrl_xmc4_conf.o
                0x080064f0                SystemCoreSetup
 .text.CLOCK_XMC4_Init
                0x08006590       0x20 ./Dave/Generated/CLOCK_XMC4/clock_xmc4.o
                0x08006590                CLOCK_XMC4_Init
 .text.OSCHP_GetFrequency
                0x080065b0       0x14 ./Dave/Generated/CLOCK_XMC4/clock_xmc4.o
                0x080065b0                OSCHP_GetFrequency
 .text.SystemCoreClockSetup
                0x080065c4       0x54 ./Dave/Generated/CLOCK_XMC4/clock_xmc4_conf.o
                0x080065c4                SystemCoreClockSetup
 .text.DAVE_Init
                0x08006618       0x88 ./Dave/Generated/DAVE.o
                0x08006618                DAVE_Init
 .text.main     0x080066a0      0x1e4 ./main.o
                0x080066a0                main
 .text.delay    0x08006884       0x24 ./main.o
                0x08006884                delay
 .text.EndOfTransmit
                0x080068a8       0x18 ./main.o
                0x080068a8                EndOfTransmit
 .text.EndOfReceive
                0x080068c0       0x18 ./main.o
                0x080068c0                EndOfReceive
 .text          0x080068d8      0x370 c:/davev4/eclipse/arm-gcc-49/bin/../lib/gcc/arm-none-eabi/4.9.3/armv7e-m/softfp\libgcc.a(_arm_addsubdf3.o)
                0x080068d8                __aeabi_drsub
                0x080068e0                __aeabi_dsub
                0x080068e0                __subdf3
                0x080068e4                __aeabi_dadd
                0x080068e4                __adddf3
                0x08006b5c                __floatunsidf
                0x08006b5c                __aeabi_ui2d
                0x08006b7c                __floatsidf
                0x08006b7c                __aeabi_i2d
                0x08006ba0                __aeabi_f2d
                0x08006ba0                __extendsfdf2
                0x08006bdc                __floatundidf
                0x08006bdc                __aeabi_ul2d
                0x08006bec                __floatdidf
                0x08006bec                __aeabi_l2d
 .text          0x08006c48      0x424 c:/davev4/eclipse/arm-gcc-49/bin/../lib/gcc/arm-none-eabi/4.9.3/armv7e-m/softfp\libgcc.a(_arm_muldivdf3.o)
                0x08006c48                __aeabi_dmul
                0x08006c48                __muldf3
                0x08006e9c                __divdf3
                0x08006e9c                __aeabi_ddiv
 .text          0x0800706c       0xa0 c:/davev4/eclipse/arm-gcc-49/bin/../lib/gcc/arm-none-eabi/4.9.3/armv7e-m/softfp\libgcc.a(_arm_truncdfsf2.o)
                0x0800706c                __truncdfsf2
                0x0800706c                __aeabi_d2f
 .text.__errno  0x0800710c        0xc c:/davev4/eclipse/arm-gcc-49/bin/../lib/gcc/arm-none-eabi/4.9.3/../../../../arm-none-eabi/lib/armv7e-m/softfp\libg.a(lib_a-errno.o)
                0x0800710c                __errno
 .text.__libc_init_array
                0x08007118       0x50 c:/davev4/eclipse/arm-gcc-49/bin/../lib/gcc/arm-none-eabi/4.9.3/../../../../arm-none-eabi/lib/armv7e-m/softfp\libg.a(lib_a-init.o)
                0x08007118                __libc_init_array
 .text          0x08007168      0x134 c:/davev4/eclipse/arm-gcc-49/bin/../lib/gcc/arm-none-eabi/4.9.3/../../../../arm-none-eabi/lib/armv7e-m/softfp\libg.a(lib_a-memcpy.o)
                0x08007168                memcpy
 .text.memset   0x0800729c       0x9c c:/davev4/eclipse/arm-gcc-49/bin/../lib/gcc/arm-none-eabi/4.9.3/../../../../arm-none-eabi/lib/armv7e-m/softfp\libg.a(lib_a-memset.o)
                0x0800729c                memset
 .text.sprintf  0x08007338       0x4c c:/davev4/eclipse/arm-gcc-49/bin/../lib/gcc/arm-none-eabi/4.9.3/../../../../arm-none-eabi/lib/armv7e-m/softfp\libg.a(lib_a-sprintf.o)
                0x08007338                sprintf
 .text.strlen   0x08007384       0x5c c:/davev4/eclipse/arm-gcc-49/bin/../lib/gcc/arm-none-eabi/4.9.3/../../../../arm-none-eabi/lib/armv7e-m/softfp\libg.a(lib_a-strlen.o)
                0x08007384                strlen
 .text._svfprintf_r
                0x080073e0     0x14d0 c:/davev4/eclipse/arm-gcc-49/bin/../lib/gcc/arm-none-eabi/4.9.3/../../../../arm-none-eabi/lib/armv7e-m/softfp\libg.a(lib_a-svfprintf.o)
                0x080073e0                _svfprintf_r
 .text.quorem   0x080088b0      0x12c c:/davev4/eclipse/arm-gcc-49/bin/../lib/gcc/arm-none-eabi/4.9.3/../../../../arm-none-eabi/lib/armv7e-m/softfp\libg.a(lib_a-dtoa.o)
 *fill*         0x080089dc        0x4 
 .text._dtoa_r  0x080089e0      0xe90 c:/davev4/eclipse/arm-gcc-49/bin/../lib/gcc/arm-none-eabi/4.9.3/../../../../arm-none-eabi/lib/armv7e-m/softfp\libg.a(lib_a-dtoa.o)
                0x080089e0                _dtoa_r
 .text._localeconv_r
                0x08009870        0x8 c:/davev4/eclipse/arm-gcc-49/bin/../lib/gcc/arm-none-eabi/4.9.3/../../../../arm-none-eabi/lib/armv7e-m/softfp\libg.a(lib_a-locale.o)
                0x08009870                _localeconv_r
 .text._malloc_r
                0x08009878      0x51c c:/davev4/eclipse/arm-gcc-49/bin/../lib/gcc/arm-none-eabi/4.9.3/../../../../arm-none-eabi/lib/armv7e-m/softfp\libg.a(lib_a-mallocr.o)
                0x08009878                _malloc_r
 .text.memchr   0x08009d94       0x94 c:/davev4/eclipse/arm-gcc-49/bin/../lib/gcc/arm-none-eabi/4.9.3/../../../../arm-none-eabi/lib/armv7e-m/softfp\libg.a(lib_a-memchr.o)
                0x08009d94                memchr
 .text.__malloc_lock
                0x08009e28        0x4 c:/davev4/eclipse/arm-gcc-49/bin/../lib/gcc/arm-none-eabi/4.9.3/../../../../arm-none-eabi/lib/armv7e-m/softfp\libg.a(lib_a-mlock.o)
                0x08009e28                __malloc_lock
 .text.__malloc_unlock
                0x08009e2c        0x4 c:/davev4/eclipse/arm-gcc-49/bin/../lib/gcc/arm-none-eabi/4.9.3/../../../../arm-none-eabi/lib/armv7e-m/softfp\libg.a(lib_a-mlock.o)
                0x08009e2c                __malloc_unlock
 .text._Balloc  0x08009e30       0x4c c:/davev4/eclipse/arm-gcc-49/bin/../lib/gcc/arm-none-eabi/4.9.3/../../../../arm-none-eabi/lib/armv7e-m/softfp\libg.a(lib_a-mprec.o)
                0x08009e30                _Balloc
 .text._Bfree   0x08009e7c       0x14 c:/davev4/eclipse/arm-gcc-49/bin/../lib/gcc/arm-none-eabi/4.9.3/../../../../arm-none-eabi/lib/armv7e-m/softfp\libg.a(lib_a-mprec.o)
                0x08009e7c                _Bfree
 .text.__multadd
                0x08009e90       0x84 c:/davev4/eclipse/arm-gcc-49/bin/../lib/gcc/arm-none-eabi/4.9.3/../../../../arm-none-eabi/lib/armv7e-m/softfp\libg.a(lib_a-mprec.o)
                0x08009e90                __multadd
 .text.__hi0bits
                0x08009f14       0x40 c:/davev4/eclipse/arm-gcc-49/bin/../lib/gcc/arm-none-eabi/4.9.3/../../../../arm-none-eabi/lib/armv7e-m/softfp\libg.a(lib_a-mprec.o)
                0x08009f14                __hi0bits
 .text.__lo0bits
                0x08009f54       0x5c c:/davev4/eclipse/arm-gcc-49/bin/../lib/gcc/arm-none-eabi/4.9.3/../../../../arm-none-eabi/lib/armv7e-m/softfp\libg.a(lib_a-mprec.o)
                0x08009f54                __lo0bits
 .text.__i2b    0x08009fb0       0x14 c:/davev4/eclipse/arm-gcc-49/bin/../lib/gcc/arm-none-eabi/4.9.3/../../../../arm-none-eabi/lib/armv7e-m/softfp\libg.a(lib_a-mprec.o)
                0x08009fb0                __i2b
 .text.__multiply
                0x08009fc4      0x134 c:/davev4/eclipse/arm-gcc-49/bin/../lib/gcc/arm-none-eabi/4.9.3/../../../../arm-none-eabi/lib/armv7e-m/softfp\libg.a(lib_a-mprec.o)
                0x08009fc4                __multiply
 .text.__pow5mult
                0x0800a0f8       0xa0 c:/davev4/eclipse/arm-gcc-49/bin/../lib/gcc/arm-none-eabi/4.9.3/../../../../arm-none-eabi/lib/armv7e-m/softfp\libg.a(lib_a-mprec.o)
                0x0800a0f8                __pow5mult
 .text.__lshift
                0x0800a198       0xac c:/davev4/eclipse/arm-gcc-49/bin/../lib/gcc/arm-none-eabi/4.9.3/../../../../arm-none-eabi/lib/armv7e-m/softfp\libg.a(lib_a-mprec.o)
                0x0800a198                __lshift
 .text.__mcmp   0x0800a244       0x48 c:/davev4/eclipse/arm-gcc-49/bin/../lib/gcc/arm-none-eabi/4.9.3/../../../../arm-none-eabi/lib/armv7e-m/softfp\libg.a(lib_a-mprec.o)
                0x0800a244                __mcmp
 .text.__mdiff  0x0800a28c       0xd4 c:/davev4/eclipse/arm-gcc-49/bin/../lib/gcc/arm-none-eabi/4.9.3/../../../../arm-none-eabi/lib/armv7e-m/softfp\libg.a(lib_a-mprec.o)
                0x0800a28c                __mdiff
 .text.__d2b    0x0800a360       0xb8 c:/davev4/eclipse/arm-gcc-49/bin/../lib/gcc/arm-none-eabi/4.9.3/../../../../arm-none-eabi/lib/armv7e-m/softfp\libg.a(lib_a-mprec.o)
                0x0800a360                __d2b
 .text.__fpclassifyd
                0x0800a418       0x58 c:/davev4/eclipse/arm-gcc-49/bin/../lib/gcc/arm-none-eabi/4.9.3/../../../../arm-none-eabi/lib/armv7e-m/softfp\libg.a(lib_a-s_fpclassify.o)
                0x0800a418                __fpclassifyd
 .text._sbrk_r  0x0800a470       0x24 c:/davev4/eclipse/arm-gcc-49/bin/../lib/gcc/arm-none-eabi/4.9.3/../../../../arm-none-eabi/lib/armv7e-m/softfp\libg.a(lib_a-sbrkr.o)
                0x0800a470                _sbrk_r
 .text.__ssprint_r
                0x0800a494      0x104 c:/davev4/eclipse/arm-gcc-49/bin/../lib/gcc/arm-none-eabi/4.9.3/../../../../arm-none-eabi/lib/armv7e-m/softfp\libg.a(lib_a-svfiprintf.o)
                0x0800a494                __ssprint_r
 .text._calloc_r
                0x0800a598       0x60 c:/davev4/eclipse/arm-gcc-49/bin/../lib/gcc/arm-none-eabi/4.9.3/../../../../arm-none-eabi/lib/armv7e-m/softfp\libg.a(lib_a-callocr.o)
                0x0800a598                _calloc_r
 .text._malloc_trim_r
                0x0800a5f8       0x9c c:/davev4/eclipse/arm-gcc-49/bin/../lib/gcc/arm-none-eabi/4.9.3/../../../../arm-none-eabi/lib/armv7e-m/softfp\libg.a(lib_a-freer.o)
                0x0800a5f8                _malloc_trim_r
 .text._free_r  0x0800a694      0x1b0 c:/davev4/eclipse/arm-gcc-49/bin/../lib/gcc/arm-none-eabi/4.9.3/../../../../arm-none-eabi/lib/armv7e-m/softfp\libg.a(lib_a-freer.o)
                0x0800a694                _free_r
 .text.memmove  0x0800a844       0xc8 c:/davev4/eclipse/arm-gcc-49/bin/../lib/gcc/arm-none-eabi/4.9.3/../../../../arm-none-eabi/lib/armv7e-m/softfp\libg.a(lib_a-memmove.o)
                0x0800a844                memmove
 .text._realloc_r
                0x0800a90c      0x3ec c:/davev4/eclipse/arm-gcc-49/bin/../lib/gcc/arm-none-eabi/4.9.3/../../../../arm-none-eabi/lib/armv7e-m/softfp\libg.a(lib_a-reallocr.o)
                0x0800a90c                _realloc_r
 .text          0x0800acf8      0x110 c:/davev4/eclipse/arm-gcc-49/bin/../lib/gcc/arm-none-eabi/4.9.3/armv7e-m/softfp\libgcc.a(_arm_cmpdf2.o)
                0x0800acf8                __gtdf2
                0x0800acf8                __gedf2
                0x0800ad00                __ltdf2
                0x0800ad00                __ledf2
                0x0800ad08                __nedf2
                0x0800ad08                __eqdf2
                0x0800ad08                __cmpdf2
                0x0800ad84                __aeabi_cdrcmple
                0x0800ad94                __aeabi_cdcmpeq
                0x0800ad94                __aeabi_cdcmple
                0x0800ada4                __aeabi_dcmpeq
                0x0800adb8                __aeabi_dcmplt
                0x0800adcc                __aeabi_dcmple
                0x0800ade0                __aeabi_dcmpge
                0x0800adf4                __aeabi_dcmpgt
 .text          0x0800ae08       0x50 c:/davev4/eclipse/arm-gcc-49/bin/../lib/gcc/arm-none-eabi/4.9.3/armv7e-m/softfp\libgcc.a(_arm_fixdfsi.o)
                0x0800ae08                __aeabi_d2iz
                0x0800ae08                __fixdfsi
 .text          0x0800ae58       0x2c c:/davev4/eclipse/arm-gcc-49/bin/../lib/gcc/arm-none-eabi/4.9.3/armv7e-m/softfp\libgcc.a(_aeabi_uldivmod.o)
                0x0800ae58                __aeabi_uldivmod
 .text          0x0800ae84       0x60 c:/davev4/eclipse/arm-gcc-49/bin/../lib/gcc/arm-none-eabi/4.9.3/armv7e-m/softfp\libgcc.a(bpabi.o)
                0x0800ae84                __gnu_ldivmod_helper
                0x0800aeb4                __gnu_uldivmod_helper
 .text          0x0800aee4        0x4 c:/davev4/eclipse/arm-gcc-49/bin/../lib/gcc/arm-none-eabi/4.9.3/armv7e-m/softfp\libgcc.a(_dvmd_tls.o)
                0x0800aee4                __aeabi_idiv0
                0x0800aee4                __aeabi_ldiv0
 .text          0x0800aee8      0x29c c:/davev4/eclipse/arm-gcc-49/bin/../lib/gcc/arm-none-eabi/4.9.3/armv7e-m/softfp\libgcc.a(_divdi3.o)
                0x0800aee8                __divdi3
 .text          0x0800b184      0x26c c:/davev4/eclipse/arm-gcc-49/bin/../lib/gcc/arm-none-eabi/4.9.3/armv7e-m/softfp\libgcc.a(_udivdi3.o)
                0x0800b184                __udivdi3
 *(.init)
 *(.fini)
 *crtbegin.o(.ctors)
 *crtbegin?.o(.ctors)
 *(EXCLUDE_FILE(*crtend.o *crtend?.o) .ctors)
 *(SORT(.ctors.*))
 *(.ctors)
 *crtbegin.o(.dtors)
 *crtbegin?.o(.dtors)
 *(EXCLUDE_FILE(*crtend.o *crtend?.o) .dtors)
 *(SORT(.dtors.*))
 *(.dtors)
 *(.rodata .rodata.*)
 .rodata.Driver_USBD0
                0x0800b3f0       0x40 ./Libraries/XMCLib/src/xmc_usbd.o
                0x0800b3f0                Driver_USBD0
 .rodata.device_descriptor
                0x0800b430       0x14 ./Dave/Generated/USBD_VCOM/virtual_com/descriptors.o
                0x0800b430                device_descriptor
 .rodata.configuration_descriptor
                0x0800b444       0x40 ./Dave/Generated/USBD_VCOM/virtual_com/descriptors.o
                0x0800b444                configuration_descriptor
 .rodata.language_string
                0x0800b484       0x68 ./Dave/Generated/USBD_VCOM/virtual_com/descriptors.o
                0x0800b484                language_string
 .rodata.manufacturer_string
                0x0800b4ec       0x68 ./Dave/Generated/USBD_VCOM/virtual_com/descriptors.o
                0x0800b4ec                manufacturer_string
 .rodata.product_string
                0x0800b554       0x68 ./Dave/Generated/USBD_VCOM/virtual_com/descriptors.o
                0x0800b554                product_string
 .rodata.I2C_MASTER_0_sda_pin_config
                0x0800b5bc        0xc ./Dave/Generated/I2C_MASTER/i2c_master_conf.o
 .rodata.I2C_MASTER_0_scl_pin_config
                0x0800b5c8        0xc ./Dave/Generated/I2C_MASTER/i2c_master_conf.o
 .rodata.I2C_MASTER_0_channel_config
                0x0800b5d4        0x8 ./Dave/Generated/I2C_MASTER/i2c_master_conf.o
                0x0800b5d4                I2C_MASTER_0_channel_config
 .rodata.I2C_MASTER_0_config
                0x0800b5dc       0x2c ./Dave/Generated/I2C_MASTER/i2c_master_conf.o
                0x0800b5dc                I2C_MASTER_0_config
 .rodata.BTN_1  0x0800b608       0x14 ./Dave/Generated/DIGITAL_IO/digital_io_conf.o
                0x0800b608                BTN_1
 .rodata.LED_2  0x0800b61c       0x14 ./Dave/Generated/DIGITAL_IO/digital_io_conf.o
                0x0800b61c                LED_2
 .rodata.LED_1  0x0800b630       0x14 ./Dave/Generated/DIGITAL_IO/digital_io_conf.o
                0x0800b630                LED_1
 .rodata        0x0800b644       0x14 ./Dave/Generated/CLOCK_XMC4/clock_xmc4_conf.o
 .rodata        0x0800b658       0x1c ./main.o
 .rodata.str1.4
                0x0800b674        0x2 c:/davev4/eclipse/arm-gcc-49/bin/../lib/gcc/arm-none-eabi/4.9.3/../../../../arm-none-eabi/lib/armv7e-m/softfp\libg.a(lib_a-impure.o)
                                  0x4 (size before relaxing)
 *fill*         0x0800b676        0x2 
 .rodata.blanks.6794
                0x0800b678       0x10 c:/davev4/eclipse/arm-gcc-49/bin/../lib/gcc/arm-none-eabi/4.9.3/../../../../arm-none-eabi/lib/armv7e-m/softfp\libg.a(lib_a-svfprintf.o)
 .rodata.str1.4
                0x0800b688       0x42 c:/davev4/eclipse/arm-gcc-49/bin/../lib/gcc/arm-none-eabi/4.9.3/../../../../arm-none-eabi/lib/armv7e-m/softfp\libg.a(lib_a-svfprintf.o)
                                 0x44 (size before relaxing)
 *fill*         0x0800b6ca        0x2 
 .rodata.zeroes.6795
                0x0800b6cc       0x10 c:/davev4/eclipse/arm-gcc-49/bin/../lib/gcc/arm-none-eabi/4.9.3/../../../../arm-none-eabi/lib/armv7e-m/softfp\libg.a(lib_a-svfprintf.o)
 .rodata.str1.4
                0x0800b6dc       0x10 c:/davev4/eclipse/arm-gcc-49/bin/../lib/gcc/arm-none-eabi/4.9.3/../../../../arm-none-eabi/lib/armv7e-m/softfp\libg.a(lib_a-dtoa.o)
                                 0x14 (size before relaxing)
 .rodata.str1.4
                0x0800b6ec        0xc c:/davev4/eclipse/arm-gcc-49/bin/../lib/gcc/arm-none-eabi/4.9.3/../../../../arm-none-eabi/lib/armv7e-m/softfp\libg.a(lib_a-locale.o)
                                 0x14 (size before relaxing)
 .rodata.__mprec_tens
                0x0800b6f8       0xc8 c:/davev4/eclipse/arm-gcc-49/bin/../lib/gcc/arm-none-eabi/4.9.3/../../../../arm-none-eabi/lib/armv7e-m/softfp\libg.a(lib_a-mprec.o)
                0x0800b6f8                __mprec_tens
 .rodata.__mprec_bigtens
                0x0800b7c0       0x28 c:/davev4/eclipse/arm-gcc-49/bin/../lib/gcc/arm-none-eabi/4.9.3/../../../../arm-none-eabi/lib/armv7e-m/softfp\libg.a(lib_a-mprec.o)
                0x0800b7c0                __mprec_bigtens
 .rodata.p05.5265
                0x0800b7e8        0xc c:/davev4/eclipse/arm-gcc-49/bin/../lib/gcc/arm-none-eabi/4.9.3/../../../../arm-none-eabi/lib/armv7e-m/softfp\libg.a(lib_a-mprec.o)
 *(.gnu.linkonce.r*)
 *(vtable)
                0x0800b7f4                . = ALIGN (0x4)

.glue_7         0x0800b7f4        0x0 load address 0x0c00b7f4
 .glue_7        0x00000000        0x0 linker stubs

.glue_7t        0x0800b7f4        0x0 load address 0x0c00b7f4
 .glue_7t       0x00000000        0x0 linker stubs

.vfp11_veneer   0x0800b7f4        0x0 load address 0x0c00b7f4
 .vfp11_veneer  0x00000000        0x0 linker stubs

.v4_bx          0x0800b7f4        0x0 load address 0x0c00b7f4
 .v4_bx         0x00000000        0x0 linker stubs

.iplt           0x0800b7f4        0x0 load address 0x0c00b7f4
 .iplt          0x00000000        0x0 ./Startup/startup_XMC4500.o

.eh_frame_hdr
 *(.eh_frame_hdr)

.eh_frame       0x0800b7f4        0x0 load address 0x0c00b7f4
 *(.eh_frame)
 .eh_frame      0x0800b7f4        0x0 c:/davev4/eclipse/arm-gcc-49/bin/../lib/gcc/arm-none-eabi/4.9.3/../../../../arm-none-eabi/lib/armv7e-m/softfp\libg.a(lib_a-strcmp.o)
                                 0x70 (size before relaxing)

.ARM.extab
 *(.ARM.extab* .gnu.linkonce.armextab.*)
                0x0800b7f4                . = ALIGN (0x4)
                0x0800b7f4                __exidx_start = .

.ARM.exidx      0x0800b7f4        0x8 load address 0x0c00b7f4
 *(.ARM.exidx* .gnu.linkonce.armexidx.*)
 .ARM.exidx     0x0800b7f4        0x8 c:/davev4/eclipse/arm-gcc-49/bin/../lib/gcc/arm-none-eabi/4.9.3/armv7e-m/softfp\libgcc.a(_divdi3.o)
 .ARM.exidx     0x0800b7fc        0x0 c:/davev4/eclipse/arm-gcc-49/bin/../lib/gcc/arm-none-eabi/4.9.3/armv7e-m/softfp\libgcc.a(_udivdi3.o)
                                  0x8 (size before relaxing)
                0x0800b7fc                __exidx_end = .

.rel.dyn        0x0800b7fc        0x0 load address 0x0c00b7fc
 .rel.iplt      0x00000000        0x0 ./Startup/startup_XMC4500.o
                0x0800b7fc                . = ALIGN (0x4)

Stack           0x10000000      0x800
                0x10000000                __stack_start = .
                0x10000800                . = (. + stack_size)
 *fill*         0x10000000      0x800 
                0x10000800                __stack_end = .
                0x10000800                __initial_sp = .

.ram_code       0x10000800        0x0 load address 0x0c00b7fc
                0x10000800                . = ALIGN (0x4)
                0x10000800                __ram_code_start = .
 *(.ram_code)
                0x10000800                . = ALIGN (0x4)
                0x10000800                __ram_code_end = .
                0x0c00b7fc                __ram_code_load = LOADADDR (.ram_code)
                0x00000000                __ram_code_size = (__ram_code_end - __ram_code_start)

PSRAM_DATA      0x10000800        0x0 load address 0x0c00b7fc
                0x10000800                . = ALIGN (0x4)
                0x10000800                __data3_start = .
 *(PSRAM_DATA)
                0x10000800                . = ALIGN (0x4)
                0x10000800                __data3_end = .
                0x0c00b7fc                __data3_load = LOADADDR (PSRAM_DATA)
                0x00000000                __data3_size = (__data3_end - __data3_start)

PSRAM_BSS       0x10000800        0x0 load address 0x0c00b7fc
                0x10000800                . = ALIGN (0x4)
                0x10000800                __bss3_start = .
 *(PSRAM_BSS)
                0x10000800                . = ALIGN (0x4)
                0x10000800                __bss3_end = .
                0x10000800                . = ALIGN (0x8)
                0x10000800                Heap_Bank3_Start = .
                0x00000000                __bss3_size = (__bss3_end - __bss3_start)

.data           0x20000000      0x8fc load address 0x0c00b7fc
                0x20000000                . = ALIGN (0x4)
                0x20000000                __data_start = .
 *(.data)
 *(.data*)
 .data.usbd_vcom_events
                0x20000000       0x28 ./Dave/Generated/USBD_VCOM/usbd_vcom.o
                0x20000000                usbd_vcom_events
 .data.cdc_class_events
                0x20000028        0xc ./Dave/Generated/USBD_VCOM/usbd_vcom.o
                0x20000028                cdc_class_events
 .data.USBD_VCOM_handle
                0x20000034        0x4 ./Dave/Generated/USBD_VCOM/usbd_vcom_conf.o
                0x20000034                USBD_VCOM_handle
 .data.USBD_0   0x20000038       0x14 ./Dave/Generated/USBD/usbd_conf.o
                0x20000038                USBD_0
 .data.USBD_handle
                0x2000004c        0x4 ./Dave/Generated/USBD/usbd_conf.o
                0x2000004c                USBD_handle
 .data.I2C_MASTER_0_runtime
                0x20000050       0x2c ./Dave/Generated/I2C_MASTER/i2c_master_conf.o
                0x20000050                I2C_MASTER_0_runtime
 .data.I2C_MASTER_0
                0x2000007c        0xc ./Dave/Generated/I2C_MASTER/i2c_master_conf.o
                0x2000007c                I2C_MASTER_0
 .data.impure_data
                0x20000088      0x428 c:/davev4/eclipse/arm-gcc-49/bin/../lib/gcc/arm-none-eabi/4.9.3/../../../../arm-none-eabi/lib/armv7e-m/softfp\libg.a(lib_a-impure.o)
 .data._impure_ptr
                0x200004b0        0x4 c:/davev4/eclipse/arm-gcc-49/bin/../lib/gcc/arm-none-eabi/4.9.3/../../../../arm-none-eabi/lib/armv7e-m/softfp\libg.a(lib_a-impure.o)
                0x200004b0                _impure_ptr
 .data.lconv    0x200004b4       0x38 c:/davev4/eclipse/arm-gcc-49/bin/../lib/gcc/arm-none-eabi/4.9.3/../../../../arm-none-eabi/lib/armv7e-m/softfp\libg.a(lib_a-locale.o)
 .data.__malloc_av_
                0x200004ec      0x408 c:/davev4/eclipse/arm-gcc-49/bin/../lib/gcc/arm-none-eabi/4.9.3/../../../../arm-none-eabi/lib/armv7e-m/softfp\libg.a(lib_a-mallocr.o)
                0x200004ec                __malloc_av_
 .data.__malloc_trim_threshold
                0x200008f4        0x4 c:/davev4/eclipse/arm-gcc-49/bin/../lib/gcc/arm-none-eabi/4.9.3/../../../../arm-none-eabi/lib/armv7e-m/softfp\libg.a(lib_a-mallocr.o)
                0x200008f4                __malloc_trim_threshold
 .data.__malloc_sbrk_base
                0x200008f8        0x4 c:/davev4/eclipse/arm-gcc-49/bin/../lib/gcc/arm-none-eabi/4.9.3/../../../../arm-none-eabi/lib/armv7e-m/softfp\libg.a(lib_a-mallocr.o)
                0x200008f8                __malloc_sbrk_base
 *(*.data)
 *(.gnu.linkonce.d*)
                0x200008fc                . = ALIGN (0x4)
                0x200008fc                PROVIDE (__preinit_array_start, .)
 *(.preinit_array)
                0x200008fc                PROVIDE (__preinit_array_end, .)
                0x200008fc                . = ALIGN (0x4)
                0x200008fc                PROVIDE (__init_array_start, .)
 *(SORT(.init_array.*))
 *(.init_array)
                0x200008fc                PROVIDE (__init_array_end, .)
                0x200008fc                . = ALIGN (0x4)
                0x200008fc                PROVIDE (__fini_array_start, .)
 *(SORT(.fini_array.*))
 *(.fini_array)
                0x200008fc                PROVIDE (__fini_array_end, .)
                0x200008fc                . = ALIGN (0x4)
                0x200008fc                __data_end = .
                0x0c00b7fc                __data_load = LOADADDR (.data)
                0x000008fc                __data_size = (__data_end - __data_start)

.igot.plt       0x200008fc        0x0 load address 0x0c00c0f8
 .igot.plt      0x00000000        0x0 ./Startup/startup_XMC4500.o

.bss            0x200008fc      0x7b4 load address 0x0c00c0f8
                0x200008fc                . = ALIGN (0x4)
                0x200008fc                __bss_start = .
 *(.bss)
 *(.bss*)
 .bss.XMC_USBD_EP_OUT_BUFFERSIZE
                0x200008fc       0x1c ./Libraries/XMCLib/src/xmc_usbd.o
                0x200008fc                XMC_USBD_EP_OUT_BUFFERSIZE
 .bss.XMC_USBD_EP_IN_BUFFERSIZE
                0x20000918       0x1c ./Libraries/XMCLib/src/xmc_usbd.o
                0x20000918                XMC_USBD_EP_IN_BUFFERSIZE
 .bss.heap_ptr.4331
                0x20000934        0x4 ./Libraries/Newlib/syscalls.o
 .bss.USBD_VCOM_0
                0x20000938        0x4 ./Dave/Generated/USBD_VCOM/usbd_vcom_conf.o
                0x20000938                USBD_VCOM_0
 .bss.usb_event_cb
                0x2000093c       0x28 ./Dave/Generated/USBD/usbd_conf.o
                0x2000093c                usb_event_cb
 .bss.CLOCK_XMC4_0
                0x20000964        0x4 ./Dave/Generated/CLOCK_XMC4/clock_xmc4_conf.o
                0x20000964                CLOCK_XMC4_0
 .bss.tx_completion_0
                0x20000968        0x1 ./main.o
                0x20000968                tx_completion_0
 .bss.rx_completion_0
                0x20000969        0x1 ./main.o
                0x20000969                rx_completion_0
 *fill*         0x2000096a        0x2 
 .bss.__malloc_max_total_mem
                0x2000096c        0x4 c:/davev4/eclipse/arm-gcc-49/bin/../lib/gcc/arm-none-eabi/4.9.3/../../../../arm-none-eabi/lib/armv7e-m/softfp\libg.a(lib_a-mallocr.o)
                0x2000096c                __malloc_max_total_mem
 .bss.__malloc_max_sbrked_mem
                0x20000970        0x4 c:/davev4/eclipse/arm-gcc-49/bin/../lib/gcc/arm-none-eabi/4.9.3/../../../../arm-none-eabi/lib/armv7e-m/softfp\libg.a(lib_a-mallocr.o)
                0x20000970                __malloc_max_sbrked_mem
 .bss.__malloc_top_pad
                0x20000974        0x4 c:/davev4/eclipse/arm-gcc-49/bin/../lib/gcc/arm-none-eabi/4.9.3/../../../../arm-none-eabi/lib/armv7e-m/softfp\libg.a(lib_a-mallocr.o)
                0x20000974                __malloc_top_pad
 .bss.__malloc_current_mallinfo
                0x20000978       0x28 c:/davev4/eclipse/arm-gcc-49/bin/../lib/gcc/arm-none-eabi/4.9.3/../../../../arm-none-eabi/lib/armv7e-m/softfp\libg.a(lib_a-mallocr.o)
                0x20000978                __malloc_current_mallinfo
 *(COMMON)
 COMMON         0x200009a0      0x20c ./Libraries/XMCLib/src/xmc_usbd.o
                0x200009a0                usbd_init
                0x200009a4                xmc_device
 COMMON         0x20000bac       0xe4 ./Dave/Generated/USBD_VCOM/usbd_vcom.o
                0x20000bac                tx_ep_buf
                0x20000bec                cdc_event_flags
                0x20000bf0                notification_ep_buf
                0x20000c30                rx_ep_buf
                0x20000c70                USBD_VCOM_cdc_interface
 COMMON         0x20000c90        0xc ./Dave/Generated/USBD/usb/core/usb_task.o
                0x20000c90                USB_IsInitialized
                0x20000c91                USB_DeviceState
                0x20000c94                USB_ControlRequest
 COMMON         0x20000c9c      0x344 ./Dave/Generated/USBD/usbd.o
                0x20000c9c                endpoint0_in_buffer
                0x20000d9c                endpoint0_out_buffer
                0x20000e9c                device
 COMMON         0x20000fe0       0xc8 ./main.o
                0x20000fe0                mb
 COMMON         0x200010a8        0x4 c:/davev4/eclipse/arm-gcc-49/bin/../lib/gcc/arm-none-eabi/4.9.3/../../../../arm-none-eabi/lib/armv7e-m/softfp\libg.a(lib_a-reent.o)
                0x200010a8                errno
 *(.gnu.linkonce.b*)
                0x200010ac                . = ALIGN (0x4)
                0x200010ac                __bss_end = .
                0x200010b0                . = ALIGN (0x8)
 *fill*         0x200010ac        0x4 
                0x200010b0                Heap_Bank1_Start = .
                0x000007b0                __bss_size = (__bss_end - __bss_start)

.no_init        0x2000ffc0       0x14
                0x2000ffc0                Heap_Bank1_End = .
 *(.no_init)
 .no_init       0x2000ffc0       0x14 ./Startup/system_XMC4500.o
                0x2000ffc0                SystemCoreClock
                0x2000ffc4                g_chipid

DSRAM2_DATA     0x30000000        0x0 load address 0x0c00c0f8
                0x30000000                . = ALIGN (0x4)
                0x30000000                __data2_start = .
 *(DSRAM2_DATA)
                0x30000000                . = ALIGN (0x4)
                0x30000000                __data2_end = .
                0x0c00c0f8                __data2_load = LOADADDR (DSRAM2_DATA)
                0x00000000                __data2_size = (__data2_end - __data2_start)
                0x0000c0f8                __text_size = (((((__exidx_end - sText) + __data_size) + __ram_code_size) + __data2_size) + __data3_size)
                0x0800c0f8                eText = (sText + __text_size)

DSRAM2_BSS      0x30000000      0xe00 load address 0x0c00c0f8
                0x30000000                . = ALIGN (0x4)
                0x30000000                __bss2_start = .
 *(ETH_RAM)
 *(USB_RAM)
 USB_RAM        0x30000000      0xe00 ./Libraries/XMCLib/src/xmc_usbd.o
 *(DSRAM2_BSS)
                0x30000e00                . = ALIGN (0x4)
                0x30000e00                __bss2_end = .
                0x30000e00                . = ALIGN (0x8)
                0x30000e00                Heap_Bank2_Start = .
                0x00000e00                __bss2_size = (__bss2_end - __bss2_start)
                0x0000ef10                Heap_Bank1_Size = (Heap_Bank1_End - Heap_Bank1_Start)
                0x00007200                Heap_Bank2_Size = (0x8000 - (Heap_Bank2_Start - ORIGIN (DSRAM_2_comm)))
                0x0000f800                Heap_Bank3_Size = (0x10000 - (Heap_Bank3_Start - ORIGIN (PSRAM_1)))
                0x00000001                ASSERT ((Heap_Bank1_Start <= Heap_Bank1_End), region SRAM_combined overflowed no_init section)

/DISCARD/
 *(.comment)

.stab
 *(.stab)

.stabstr
 *(.stabstr)

.debug
 *(.debug)

.line
 *(.line)

.debug_srcinfo
 *(.debug_srcinfo)

.debug_sfnames
 *(.debug_sfnames)

.debug_aranges  0x00000000      0xe48
 *(.debug_aranges)
 .debug_aranges
                0x00000000       0x20 ./Startup/startup_XMC4500.o
 .debug_aranges
                0x00000020       0x48 ./Startup/system_XMC4500.o
 .debug_aranges
                0x00000068       0x28 ./Libraries/XMCLib/src/xmc4_gpio.o
 .debug_aranges
                0x00000090      0x3c8 ./Libraries/XMCLib/src/xmc4_scu.o
 .debug_aranges
                0x00000458       0x28 ./Libraries/XMCLib/src/xmc_gpio.o
 .debug_aranges
                0x00000480       0xb0 ./Libraries/XMCLib/src/xmc_i2c.o
 .debug_aranges
                0x00000530      0x158 ./Libraries/XMCLib/src/xmc_usbd.o
 .debug_aranges
                0x00000688       0xb0 ./Libraries/XMCLib/src/xmc_usic.o
 .debug_aranges
                0x00000738       0x28 ./Libraries/Newlib/syscalls.o
 .debug_aranges
                0x00000760       0x20 ./Dave/Generated/USBD_VCOM/virtual_com/descriptors.o
 .debug_aranges
                0x00000780       0xa0 ./Dave/Generated/USBD_VCOM/class_driver/device/cdc_class_device.o
 .debug_aranges
                0x00000820       0xc8 ./Dave/Generated/USBD_VCOM/usbd_vcom.o
 .debug_aranges
                0x000008e8       0x18 ./Dave/Generated/USBD_VCOM/usbd_vcom_conf.o
 .debug_aranges
                0x00000900       0x68 ./Dave/Generated/USBD/usb/core/xmc4000/usbd_endpoint_stream_xmc4000.o
 .debug_aranges
                0x00000968       0x98 ./Dave/Generated/USBD/usb/core/xmc4000/usbd_endpoint_xmc4000.o
 .debug_aranges
                0x00000a00       0x18 ./Dave/Generated/USBD/usb/core/usb_task.o
 .debug_aranges
                0x00000a18       0xc8 ./Dave/Generated/USBD/usbd.o
 .debug_aranges
                0x00000ae0       0x18 ./Dave/Generated/USBD/usbd_conf.o
 .debug_aranges
                0x00000af8      0x1b0 ./Dave/Generated/I2C_MASTER/i2c_master.o
 .debug_aranges
                0x00000ca8       0x88 ./Dave/Generated/I2C_MASTER/i2c_master_conf.o
 .debug_aranges
                0x00000d30       0x28 ./Dave/Generated/DIGITAL_IO/digital_io.o
 .debug_aranges
                0x00000d58       0x18 ./Dave/Generated/DIGITAL_IO/digital_io_conf.o
 .debug_aranges
                0x00000d70       0x28 ./Dave/Generated/CPU_CTRL_XMC4/cpu_ctrl_xmc4_conf.o
 .debug_aranges
                0x00000d98       0x38 ./Dave/Generated/CLOCK_XMC4/clock_xmc4.o
 .debug_aranges
                0x00000dd0       0x20 ./Dave/Generated/CLOCK_XMC4/clock_xmc4_conf.o
 .debug_aranges
                0x00000df0       0x20 ./Dave/Generated/DAVE.o
 .debug_aranges
                0x00000e10       0x38 ./main.o

.debug_pubnames
 *(.debug_pubnames)

.debug_pubtypes
 *(.debug_pubtypes)

.debug_info     0x00000000    0x21889
 *(.debug_info .gnu.linkonce.wi.*)
 .debug_info    0x00000000       0x6f ./Startup/startup_XMC4500.o
 .debug_info    0x0000006f      0x970 ./Startup/system_XMC4500.o
 .debug_info    0x000009df      0x4db ./Libraries/XMCLib/src/xmc4_gpio.o
 .debug_info    0x00000eba     0x2179 ./Libraries/XMCLib/src/xmc4_scu.o
 .debug_info    0x00003033      0x456 ./Libraries/XMCLib/src/xmc_gpio.o
 .debug_info    0x00003489      0xb90 ./Libraries/XMCLib/src/xmc_i2c.o
 .debug_info    0x00004019     0x3805 ./Libraries/XMCLib/src/xmc_usbd.o
 .debug_info    0x0000781e      0xdda ./Libraries/XMCLib/src/xmc_usic.o
 .debug_info    0x000085f8      0x11f ./Libraries/Newlib/syscalls.o
 .debug_info    0x00008717     0x1d3d ./Dave/Generated/USBD_VCOM/virtual_com/descriptors.o
 .debug_info    0x0000a454     0x1db4 ./Dave/Generated/USBD_VCOM/class_driver/device/cdc_class_device.o
 .debug_info    0x0000c208     0x23fa ./Dave/Generated/USBD_VCOM/usbd_vcom.o
 .debug_info    0x0000e602     0x1735 ./Dave/Generated/USBD_VCOM/usbd_vcom_conf.o
 .debug_info    0x0000fd37     0x1b80 ./Dave/Generated/USBD/usb/core/xmc4000/usbd_endpoint_stream_xmc4000.o
 .debug_info    0x000118b7     0x1f9a ./Dave/Generated/USBD/usb/core/xmc4000/usbd_endpoint_xmc4000.o
 .debug_info    0x00013851     0x1787 ./Dave/Generated/USBD/usb/core/usb_task.o
 .debug_info    0x00014fd8     0x2386 ./Dave/Generated/USBD/usbd.o
 .debug_info    0x0001735e     0x175d ./Dave/Generated/USBD/usbd_conf.o
 .debug_info    0x00018abb     0x1bcb ./Dave/Generated/I2C_MASTER/i2c_master.o
 .debug_info    0x0001a686     0x1427 ./Dave/Generated/I2C_MASTER/i2c_master_conf.o
 .debug_info    0x0001baad      0x595 ./Dave/Generated/DIGITAL_IO/digital_io.o
 .debug_info    0x0001c042      0x4f4 ./Dave/Generated/DIGITAL_IO/digital_io_conf.o
 .debug_info    0x0001c536      0x52e ./Dave/Generated/CPU_CTRL_XMC4/cpu_ctrl_xmc4_conf.o
 .debug_info    0x0001ca64      0x2dd ./Dave/Generated/CLOCK_XMC4/clock_xmc4.o
 .debug_info    0x0001cd41      0x43e ./Dave/Generated/CLOCK_XMC4/clock_xmc4_conf.o
 .debug_info    0x0001d17f     0x23bf ./Dave/Generated/DAVE.o
 .debug_info    0x0001f53e     0x234b ./main.o

.debug_abbrev   0x00000000     0x3cb3
 *(.debug_abbrev)
 .debug_abbrev  0x00000000       0x14 ./Startup/startup_XMC4500.o
 .debug_abbrev  0x00000014      0x1f1 ./Startup/system_XMC4500.o
 .debug_abbrev  0x00000205      0x153 ./Libraries/XMCLib/src/xmc4_gpio.o
 .debug_abbrev  0x00000358      0x2bf ./Libraries/XMCLib/src/xmc4_scu.o
 .debug_abbrev  0x00000617      0x144 ./Libraries/XMCLib/src/xmc_gpio.o
 .debug_abbrev  0x0000075b      0x2af ./Libraries/XMCLib/src/xmc_i2c.o
 .debug_abbrev  0x00000a0a      0x3e6 ./Libraries/XMCLib/src/xmc_usbd.o
 .debug_abbrev  0x00000df0      0x24c ./Libraries/XMCLib/src/xmc_usic.o
 .debug_abbrev  0x0000103c       0xbd ./Libraries/Newlib/syscalls.o
 .debug_abbrev  0x000010f9      0x27e ./Dave/Generated/USBD_VCOM/virtual_com/descriptors.o
 .debug_abbrev  0x00001377      0x342 ./Dave/Generated/USBD_VCOM/class_driver/device/cdc_class_device.o
 .debug_abbrev  0x000016b9      0x395 ./Dave/Generated/USBD_VCOM/usbd_vcom.o
 .debug_abbrev  0x00001a4e      0x22d ./Dave/Generated/USBD_VCOM/usbd_vcom_conf.o
 .debug_abbrev  0x00001c7b      0x2f5 ./Dave/Generated/USBD/usb/core/xmc4000/usbd_endpoint_stream_xmc4000.o
 .debug_abbrev  0x00001f70      0x39c ./Dave/Generated/USBD/usb/core/xmc4000/usbd_endpoint_xmc4000.o
 .debug_abbrev  0x0000230c      0x22d ./Dave/Generated/USBD/usb/core/usb_task.o
 .debug_abbrev  0x00002539      0x3d5 ./Dave/Generated/USBD/usbd.o
 .debug_abbrev  0x0000290e      0x22d ./Dave/Generated/USBD/usbd_conf.o
 .debug_abbrev  0x00002b3b      0x2f3 ./Dave/Generated/I2C_MASTER/i2c_master.o
 .debug_abbrev  0x00002e2e      0x286 ./Dave/Generated/I2C_MASTER/i2c_master_conf.o
 .debug_abbrev  0x000030b4      0x171 ./Dave/Generated/DIGITAL_IO/digital_io.o
 .debug_abbrev  0x00003225      0x126 ./Dave/Generated/DIGITAL_IO/digital_io_conf.o
 .debug_abbrev  0x0000334b      0x1b4 ./Dave/Generated/CPU_CTRL_XMC4/cpu_ctrl_xmc4_conf.o
 .debug_abbrev  0x000034ff      0x13d ./Dave/Generated/CLOCK_XMC4/clock_xmc4.o
 .debug_abbrev  0x0000363c      0x134 ./Dave/Generated/CLOCK_XMC4/clock_xmc4_conf.o
 .debug_abbrev  0x00003770      0x267 ./Dave/Generated/DAVE.o
 .debug_abbrev  0x000039d7      0x2dc ./main.o

.debug_line     0x00000000     0x6994
 *(.debug_line)
 .debug_line    0x00000000       0x88 ./Startup/startup_XMC4500.o
 .debug_line    0x00000088      0x297 ./Startup/system_XMC4500.o
 .debug_line    0x0000031f      0x1bb ./Libraries/XMCLib/src/xmc4_gpio.o
 .debug_line    0x000004da      0xd36 ./Libraries/XMCLib/src/xmc4_scu.o
 .debug_line    0x00001210      0x1a8 ./Libraries/XMCLib/src/xmc_gpio.o
 .debug_line    0x000013b8      0x372 ./Libraries/XMCLib/src/xmc_i2c.o
 .debug_line    0x0000172a      0x86a ./Libraries/XMCLib/src/xmc_usbd.o
 .debug_line    0x00001f94      0x480 ./Libraries/XMCLib/src/xmc_usic.o
 .debug_line    0x00002414       0xac ./Libraries/Newlib/syscalls.o
 .debug_line    0x000024c0      0x354 ./Dave/Generated/USBD_VCOM/virtual_com/descriptors.o
 .debug_line    0x00002814      0x632 ./Dave/Generated/USBD_VCOM/class_driver/device/cdc_class_device.o
 .debug_line    0x00002e46      0x688 ./Dave/Generated/USBD_VCOM/usbd_vcom.o
 .debug_line    0x000034ce      0x265 ./Dave/Generated/USBD_VCOM/usbd_vcom_conf.o
 .debug_line    0x00003733      0x419 ./Dave/Generated/USBD/usb/core/xmc4000/usbd_endpoint_stream_xmc4000.o
 .debug_line    0x00003b4c      0x504 ./Dave/Generated/USBD/usb/core/xmc4000/usbd_endpoint_xmc4000.o
 .debug_line    0x00004050      0x265 ./Dave/Generated/USBD/usb/core/usb_task.o
 .debug_line    0x000042b5      0x67e ./Dave/Generated/USBD/usbd.o
 .debug_line    0x00004933      0x214 ./Dave/Generated/USBD/usbd_conf.o
 .debug_line    0x00004b47      0x84a ./Dave/Generated/I2C_MASTER/i2c_master.o
 .debug_line    0x00005391      0x369 ./Dave/Generated/I2C_MASTER/i2c_master_conf.o
 .debug_line    0x000056fa      0x205 ./Dave/Generated/DIGITAL_IO/digital_io.o
 .debug_line    0x000058ff      0x19c ./Dave/Generated/DIGITAL_IO/digital_io_conf.o
 .debug_line    0x00005a9b      0x215 ./Dave/Generated/CPU_CTRL_XMC4/cpu_ctrl_xmc4_conf.o
 .debug_line    0x00005cb0      0x23b ./Dave/Generated/CLOCK_XMC4/clock_xmc4.o
 .debug_line    0x00005eeb      0x211 ./Dave/Generated/CLOCK_XMC4/clock_xmc4_conf.o
 .debug_line    0x000060fc      0x38d ./Dave/Generated/DAVE.o
 .debug_line    0x00006489      0x50b ./main.o

.debug_frame    0x00000000     0x42ec
 *(.debug_frame)
 .debug_frame   0x00000000       0xec ./Startup/system_XMC4500.o
 .debug_frame   0x000000ec       0x60 ./Libraries/XMCLib/src/xmc4_gpio.o
 .debug_frame   0x0000014c     0x11c0 ./Libraries/XMCLib/src/xmc4_scu.o
 .debug_frame   0x0000130c       0x60 ./Libraries/XMCLib/src/xmc_gpio.o
 .debug_frame   0x0000136c      0x308 ./Libraries/XMCLib/src/xmc_i2c.o
 .debug_frame   0x00001674      0x634 ./Libraries/XMCLib/src/xmc_usbd.o
 .debug_frame   0x00001ca8      0x308 ./Libraries/XMCLib/src/xmc_usic.o
 .debug_frame   0x00001fb0       0x5c ./Libraries/Newlib/syscalls.o
 .debug_frame   0x0000200c       0x38 ./Dave/Generated/USBD_VCOM/virtual_com/descriptors.o
 .debug_frame   0x00002044      0x2ac ./Dave/Generated/USBD_VCOM/class_driver/device/cdc_class_device.o
 .debug_frame   0x000022f0      0x338 ./Dave/Generated/USBD_VCOM/usbd_vcom.o
 .debug_frame   0x00002628      0x1a0 ./Dave/Generated/USBD/usb/core/xmc4000/usbd_endpoint_stream_xmc4000.o
 .debug_frame   0x000027c8      0x288 ./Dave/Generated/USBD/usb/core/xmc4000/usbd_endpoint_xmc4000.o
 .debug_frame   0x00002a50      0x310 ./Dave/Generated/USBD/usbd.o
 .debug_frame   0x00002d60      0x80c ./Dave/Generated/I2C_MASTER/i2c_master.o
 .debug_frame   0x0000356c      0x20c ./Dave/Generated/I2C_MASTER/i2c_master_conf.o
 .debug_frame   0x00003778       0x60 ./Dave/Generated/DIGITAL_IO/digital_io.o
 .debug_frame   0x000037d8       0x60 ./Dave/Generated/CPU_CTRL_XMC4/cpu_ctrl_xmc4_conf.o
 .debug_frame   0x00003838       0xac ./Dave/Generated/CLOCK_XMC4/clock_xmc4.o
 .debug_frame   0x000038e4       0x3c ./Dave/Generated/CLOCK_XMC4/clock_xmc4_conf.o
 .debug_frame   0x00003920       0x38 ./Dave/Generated/DAVE.o
 .debug_frame   0x00003958       0xa8 ./main.o
 .debug_frame   0x00003a00       0x20 c:/davev4/eclipse/arm-gcc-49/bin/../lib/gcc/arm-none-eabi/4.9.3/../../../../arm-none-eabi/lib/armv7e-m/softfp\libg.a(lib_a-errno.o)
 .debug_frame   0x00003a20       0x2c c:/davev4/eclipse/arm-gcc-49/bin/../lib/gcc/arm-none-eabi/4.9.3/../../../../arm-none-eabi/lib/armv7e-m/softfp\libg.a(lib_a-init.o)
 .debug_frame   0x00003a4c       0x34 c:/davev4/eclipse/arm-gcc-49/bin/../lib/gcc/arm-none-eabi/4.9.3/../../../../arm-none-eabi/lib/armv7e-m/softfp\libg.a(lib_a-memset.o)
 .debug_frame   0x00003a80       0x84 c:/davev4/eclipse/arm-gcc-49/bin/../lib/gcc/arm-none-eabi/4.9.3/../../../../arm-none-eabi/lib/armv7e-m/softfp\libg.a(lib_a-sprintf.o)
 .debug_frame   0x00003b04       0x20 c:/davev4/eclipse/arm-gcc-49/bin/../lib/gcc/arm-none-eabi/4.9.3/../../../../arm-none-eabi/lib/armv7e-m/softfp\libg.a(lib_a-strlen.o)
 .debug_frame   0x00003b24       0x40 c:/davev4/eclipse/arm-gcc-49/bin/../lib/gcc/arm-none-eabi/4.9.3/../../../../arm-none-eabi/lib/armv7e-m/softfp\libg.a(lib_a-svfprintf.o)
 .debug_frame   0x00003b64       0x88 c:/davev4/eclipse/arm-gcc-49/bin/../lib/gcc/arm-none-eabi/4.9.3/../../../../arm-none-eabi/lib/armv7e-m/softfp\libg.a(lib_a-dtoa.o)
 .debug_frame   0x00003bec       0x9c c:/davev4/eclipse/arm-gcc-49/bin/../lib/gcc/arm-none-eabi/4.9.3/../../../../arm-none-eabi/lib/armv7e-m/softfp\libg.a(lib_a-locale.o)
 .debug_frame   0x00003c88       0x58 c:/davev4/eclipse/arm-gcc-49/bin/../lib/gcc/arm-none-eabi/4.9.3/../../../../arm-none-eabi/lib/armv7e-m/softfp\libg.a(lib_a-mallocr.o)
 .debug_frame   0x00003ce0       0x3c c:/davev4/eclipse/arm-gcc-49/bin/../lib/gcc/arm-none-eabi/4.9.3/../../../../arm-none-eabi/lib/armv7e-m/softfp\libg.a(lib_a-memchr.o)
 .debug_frame   0x00003d1c       0x30 c:/davev4/eclipse/arm-gcc-49/bin/../lib/gcc/arm-none-eabi/4.9.3/../../../../arm-none-eabi/lib/armv7e-m/softfp\libg.a(lib_a-mlock.o)
 .debug_frame   0x00003d4c      0x268 c:/davev4/eclipse/arm-gcc-49/bin/../lib/gcc/arm-none-eabi/4.9.3/../../../../arm-none-eabi/lib/armv7e-m/softfp\libg.a(lib_a-mprec.o)
 .debug_frame   0x00003fb4       0x34 c:/davev4/eclipse/arm-gcc-49/bin/../lib/gcc/arm-none-eabi/4.9.3/../../../../arm-none-eabi/lib/armv7e-m/softfp\libg.a(lib_a-s_fpclassify.o)
 .debug_frame   0x00003fe8       0x2c c:/davev4/eclipse/arm-gcc-49/bin/../lib/gcc/arm-none-eabi/4.9.3/../../../../arm-none-eabi/lib/armv7e-m/softfp\libg.a(lib_a-sbrkr.o)
 .debug_frame   0x00004014       0x78 c:/davev4/eclipse/arm-gcc-49/bin/../lib/gcc/arm-none-eabi/4.9.3/../../../../arm-none-eabi/lib/armv7e-m/softfp\libg.a(lib_a-svfiprintf.o)
 .debug_frame   0x0000408c       0x28 c:/davev4/eclipse/arm-gcc-49/bin/../lib/gcc/arm-none-eabi/4.9.3/../../../../arm-none-eabi/lib/armv7e-m/softfp\libg.a(lib_a-callocr.o)
 .debug_frame   0x000040b4       0x74 c:/davev4/eclipse/arm-gcc-49/bin/../lib/gcc/arm-none-eabi/4.9.3/../../../../arm-none-eabi/lib/armv7e-m/softfp\libg.a(lib_a-freer.o)
 .debug_frame   0x00004128       0x30 c:/davev4/eclipse/arm-gcc-49/bin/../lib/gcc/arm-none-eabi/4.9.3/../../../../arm-none-eabi/lib/armv7e-m/softfp\libg.a(lib_a-memmove.o)
 .debug_frame   0x00004158       0x60 c:/davev4/eclipse/arm-gcc-49/bin/../lib/gcc/arm-none-eabi/4.9.3/../../../../arm-none-eabi/lib/armv7e-m/softfp\libg.a(lib_a-reallocr.o)
 .debug_frame   0x000041b8       0x58 c:/davev4/eclipse/arm-gcc-49/bin/../lib/gcc/arm-none-eabi/4.9.3/../../../../arm-none-eabi/lib/armv7e-m/softfp\libg.a(lib_a-reent.o)
 .debug_frame   0x00004210       0x28 c:/davev4/eclipse/arm-gcc-49/bin/../lib/gcc/arm-none-eabi/4.9.3/armv7e-m/softfp\libgcc.a(_aeabi_uldivmod.o)
 .debug_frame   0x00004238       0x50 c:/davev4/eclipse/arm-gcc-49/bin/../lib/gcc/arm-none-eabi/4.9.3/armv7e-m/softfp\libgcc.a(bpabi.o)
 .debug_frame   0x00004288       0x34 c:/davev4/eclipse/arm-gcc-49/bin/../lib/gcc/arm-none-eabi/4.9.3/armv7e-m/softfp\libgcc.a(_divdi3.o)
 .debug_frame   0x000042bc       0x30 c:/davev4/eclipse/arm-gcc-49/bin/../lib/gcc/arm-none-eabi/4.9.3/armv7e-m/softfp\libgcc.a(_udivdi3.o)

.debug_str      0x00000000     0x96de
 *(.debug_str)
 .debug_str     0x00000000      0x567 ./Startup/system_XMC4500.o
                                0x5d9 (size before relaxing)
 .debug_str     0x00000567      0x544 ./Libraries/XMCLib/src/xmc4_gpio.o
                                0x7ce (size before relaxing)
 .debug_str     0x00000aab     0x1f86 ./Libraries/XMCLib/src/xmc4_scu.o
                               0x2490 (size before relaxing)
 .debug_str     0x00002a31       0xca ./Libraries/XMCLib/src/xmc_gpio.o
                                0x67c (size before relaxing)
 .debug_str     0x00002afb      0xa5f ./Libraries/XMCLib/src/xmc_i2c.o
                                0xd2a (size before relaxing)
 .debug_str     0x0000355a     0x1d5d ./Libraries/XMCLib/src/xmc_usbd.o
                               0x24cb (size before relaxing)
 .debug_str     0x000052b7      0xa0e ./Libraries/XMCLib/src/xmc_usic.o
                               0x1185 (size before relaxing)
 .debug_str     0x00005cc5       0x6f ./Libraries/Newlib/syscalls.o
                                0x20a (size before relaxing)
 .debug_str     0x00005d34      0xc89 ./Dave/Generated/USBD_VCOM/virtual_com/descriptors.o
                               0x1e18 (size before relaxing)
 .debug_str     0x000069bd      0x6f9 ./Dave/Generated/USBD_VCOM/class_driver/device/cdc_class_device.o
                               0x1b2f (size before relaxing)
 .debug_str     0x000070b6      0xb30 ./Dave/Generated/USBD_VCOM/usbd_vcom.o
                               0x2344 (size before relaxing)
 .debug_str     0x00007be6       0x39 ./Dave/Generated/USBD_VCOM/usbd_vcom_conf.o
                               0x1432 (size before relaxing)
 .debug_str     0x00007c1f      0x230 ./Dave/Generated/USBD/usb/core/xmc4000/usbd_endpoint_stream_xmc4000.o
                               0x16f9 (size before relaxing)
 .debug_str     0x00007e4f      0x1ab ./Dave/Generated/USBD/usb/core/xmc4000/usbd_endpoint_xmc4000.o
                               0x1dc9 (size before relaxing)
 .debug_str     0x00007ffa       0x3d ./Dave/Generated/USBD/usb/core/usb_task.o
                               0x148b (size before relaxing)
 .debug_str     0x00008037      0x3ee ./Dave/Generated/USBD/usbd.o
                               0x20f3 (size before relaxing)
 .debug_str     0x00008425       0x37 ./Dave/Generated/USBD/usbd_conf.o
                               0x1437 (size before relaxing)
 .debug_str     0x0000845c      0xd17 ./Dave/Generated/I2C_MASTER/i2c_master.o
                               0x1e00 (size before relaxing)
 .debug_str     0x00009173      0x16a ./Dave/Generated/I2C_MASTER/i2c_master_conf.o
                               0x19af (size before relaxing)
 .debug_str     0x000092dd       0xdf ./Dave/Generated/DIGITAL_IO/digital_io.o
                                0x90b (size before relaxing)
 .debug_str     0x000093bc       0x41 ./Dave/Generated/DIGITAL_IO/digital_io_conf.o
                                0x85e (size before relaxing)
 .debug_str     0x000093fd       0x94 ./Dave/Generated/CPU_CTRL_XMC4/cpu_ctrl_xmc4_conf.o
                                0x40e (size before relaxing)
 .debug_str     0x00009491       0xf3 ./Dave/Generated/CLOCK_XMC4/clock_xmc4.o
                                0x3bf (size before relaxing)